Microsoft (R) Macro Assembler Version 14.16.27030.1	    06/16/19 01:18:26
jogo.asm						     Page 1 - 1


				; Implementação do jogo Ganso Attack!! em assembly pelos alunos
				; Matheus de Brito Soares Porto RA: 744348
				; Vitor Hugo Guilherme          RA: 744359
				; Da disciplina Arquitetura e Organização de Computadores 2 - DC- UFSCar
				; Professor: Dr. Luciano Neres

				INCLUDE Irvine32.inc
			      C ; Include file for Irvine32.lib             (Irvine32.inc)
			      C 
			      C ;OPTION CASEMAP:NONE		; optional: make identifiers case-sensitive
			      C 
			      C INCLUDE SmallWin.inc		; MS-Windows prototypes, structures, and constants
			      C .NOLIST
			      C .LIST
			      C 
			      C INCLUDE VirtualKeys.inc
			      C ; VirtualKeys.inc
			      C .NOLIST
			      C .LIST
			      C 
			      C 
			      C .NOLIST
			      C .LIST
			      C 

 00000000			.data
				;Contadores de tempo para execução dos procedimentos do jogo
 00000000 00000000		contadorTempo DWORD 0
 00000004 00000000		contadorObstaculo DWORD 0
 00000008 00000000		contadorPulo DWORD 0 
 0000000C 00000000		contadorAgacha DWORD 0

				;constantes utilizadas no desenho da moldura
 = 00000069			LARGURA = 105
 = 0000001D			ALTURA = 29

				;Variáveis auxiliares para impressão e exclusão de objetos da tela
 00000010 00			PosY BYTE ?
 00000011 00			PosX BYTE ?
 00000012 00			larguraO BYTE ?
 00000013 00			alturaO BYTE ?

 00000014 01			statusGanso BYTE 1 ; 0 = Agachado, 1 = em pé, 2 = pulando

				;Dificuldade do jogo que é o atraso usado na função delay
 00000015 00			dificuldade BYTE ?
 = 00000032			FACIL = 50
 = 00000014			DIFICIL = 20

				;Tamanho dos desenhos
 = 00000005			LARGURA_OBJ1 = 5
 = 00000003			ALTURA_OBJ1 = 3
 = 00000005			LARGURA_OBJ2 = 5
 = 00000003			ALTURA_OBJ2 = 3
 = 0000000C			LARGURA_GANSO = 12
 = 00000009			ALTURA_GANSO = 9
 = 00000007			ALTURA_GANSO_AGACHADO = 7
				;Posição no eixo Y dos desenhos
 = 00000014			Y_GANSO_EM_PE = 20
 = 0000000F			Y_GANSO_PULANDO =  15
 = 00000016			Y_GANSO_AGACHADO = 22
 = 0000001A			Y_OBSTACULO1 = 26
 = 00000013			Y_OBSTACULO2 = 19
				;Posição do score
 = 0000004D			X_SCORE = 77
 = 00000005			Y_SCORE = 5
				;Posições finais da tela
 = 00000003			FINAL_ESQUERDA = 3
 = 00000064			FINAL_DIREITA = 100

				;Fila de posição dos obstáculos
 00000016  00000007 [		PosObs1 BYTE 7 DUP(?)
	    00
	   ]
 0000001D  00000007 [		PosObs2 BYTE 7 DUP(?)
	    00
	   ]
 00000024 00			CtrlObs1 BYTE 0			;Posições finais das filas
 00000025 00			CtrlObs2 BYTE 0

				;Placar e pontuação
 00000026 20 20 20 20 53	Score BYTE       "    SCORE: ",0
	   43 4F 52 45 3A
	   20 00
 00000032 4E 4F 56 4F 20	NovoRecorde BYTE "NOVO RECORDE: ",0
	   52 45 43 4F 52
	   44 45 3A 20 00
 00000041 00000000		Pontos DWORD 0
 00000045 00000000		Recorde DWORD 0

				; Logo do jogo
 00000049 20 20 20 20 20	logo BYTE "                       ____                            _   _   _             _    _ _ ",0ah, 0dh  
	   20 20 20 20 20
	   20 20 20 20 20
	   20 20 20 20 20
	   20 20 20 5F 5F
	   5F 5F 20 20 20
	   20 20 20 20 20
	   20 20 20 20 20
	   20 20 20 20 20
	   20 20 20 20 20
	   20 20 20 20 20
	   5F 20 20 20 5F
	   20 20 20 5F 20
	   20 20 20 20 20
	   20 20 20 20 20
	   20 20 5F 20 20
	   20 20 5F 20 5F
	   20 0A 0D
 000000A1  09 20 20 20 20		 BYTE "	              / ___| __ _ _ __  ___  ___      / \ | |_| |_ __ _  ___| | _| | |",0ah, 0dh  
	   20 20 20 20 20
	   20 20 20 20 20
	   2F 20 5F 5F 5F
	   7C 20 5F 5F 20
	   5F 20 5F 20 5F
	   5F 20 20 5F 5F
	   5F 20 20 5F 5F
	   5F 20 20 20 20
	   20 20 2F 20 5C
	   20 7C 20 7C 5F
	   7C 20 7C 5F 20
	   5F 5F 20 5F 20
	   20 5F 5F 5F 7C
	   20 7C 20 5F 7C
	   20 7C 20 7C 0A
	   0D
 000000F2  09 20 20 20 20		 BYTE "	             | |  _ / _` | '_ \/ __|/ _ \    / _ \| __| __/ _` |/ __| |/ / | |",0ah, 0dh  
	   20 20 20 20 20
	   20 20 20 20 7C
	   20 7C 20 20 5F
	   20 2F 20 5F 60
	   20 7C 20 27 5F
	   20 5C 2F 20 5F
	   5F 7C 2F 20 5F
	   20 5C 20 20 20
	   20 2F 20 5F 20
	   5C 7C 20 5F 5F
	   7C 20 5F 5F 2F
	   20 5F 60 20 7C
	   2F 20 5F 5F 7C
	   20 7C 2F 20 2F
	   20 7C 20 7C 0A
	   0D
 00000143  09 20 20 20 20		 BYTE "	             | |_| | (_| | | | \__ \ (_) |  / ___ \ |_| || (_| | (__|   <|_|_|",0ah, 0dh  
	   20 20 20 20 20
	   20 20 20 20 7C
	   20 7C 5F 7C 20
	   7C 20 28 5F 7C
	   20 7C 20 7C 20
	   7C 20 5C 5F 5F
	   20 5C 20 28 5F
	   29 20 7C 20 20
	   2F 20 5F 5F 5F
	   20 5C 20 7C 5F
	   7C 20 7C 7C 20
	   28 5F 7C 20 7C
	   20 28 5F 5F 7C
	   20 20 20 3C 7C
	   5F 7C 5F 7C 0A
	   0D
 00000194  09 20 20 20 20		 BYTE "	              \____|\__,_|_| |_|___/\___/  /_/   \_\__|\__\__,_|\___|_|\_(_|_)",0ah, 0dh, 0 
	   20 20 20 20 20
	   20 20 20 20 20
	   5C 5F 5F 5F 5F
	   7C 5C 5F 5F 2C
	   5F 7C 5F 7C 20
	   7C 5F 7C 5F 5F
	   5F 2F 5C 5F 5F
	   5F 2F 20 20 2F
	   5F 2F 20 20 20
	   5C 5F 5C 5F 5F
	   7C 5C 5F 5F 5C
	   5F 5F 2C 5F 7C
	   5C 5F 5F 5F 7C
	   5F 7C 5C 5F 28
	   5F 7C 5F 29 0A
	   0D 00

				; MENU
 000001E6 53 65 6C 65 63	 menu   BYTE "Selecione uma dificuldade para jogar:",0ah, 0dh, 0ah
	   69 6F 6E 65 20
	   75 6D 61 20 64
	   69 66 69 63 75
	   6C 64 61 64 65
	   20 70 61 72 61
	   20 6A 6F 67 61
	   72 3A 0A 0D 0A
 0000020E  09 09 09 09 20			BYTE "				              1 - Facil",0ah, 0dh
	   20 20 20 20 20
	   20 20 20 20 20
	   20 20 20 31 20
	   2D 20 46 61 63
	   69 6C 0A 0D
 0000022B  09 09 09 09 20			BYTE "				              2 - Dificil",0ah, 0dh
	   20 20 20 20 20
	   20 20 20 20 20
	   20 20 20 32 20
	   2D 20 44 69 66
	   69 63 69 6C 0A
	   0D
 0000024A  09 09 09 09 20	        BYTE "				            ESC - SAIR",0ah, 0dh
	   20 20 20 20 20
	   20 20 20 20 20
	   20 45 53 43 20
	   2D 20 53 41 49
	   52 0A 0D
 00000266  09 09 09 09 00			BYTE "				",0
						
				;Ganso
 0000026B 5F 5F 0A 0D 00	ganso1 	BYTE                          "__",0ah,0dh,0  
 00000270 2F 20 20 3E 0A	ganso2	BYTE                         "/  >",0ah,0dh,0  
	   0D 00
 00000277 2F 20 20 5C 0A	ganso3	BYTE                        "/  \",0ah,0dh,0  
	   0D 00
 0000027E 5F 5F 5F 5F 5F	ganso4	BYTE                  "_____/   /",0ah,0dh,0  
	   2F 20 20 20 2F
	   0A 0D 00
 0000028B 3C 20 20 20 20	ganso5	BYTE                 "<        /",0ah,0dh,0  
	   20 20 20 20 2F
	   0A 0D 00
 00000298 5C 5F 20 20 20	ganso6	BYTE                  "\_    _/",0ah,0dh,0  
	   20 5F 2F 0A 0D
	   00
 000002A3 7C 20 20 20 7C	ganso7	BYTE                    "|   |",0ah,0dh,0  
	   0A 0D 00
 000002AB 7C 20 20 20 7C	ganso8	BYTE                    "|   |",0ah,0dh,0  
	   0A 0D 00
 000002B3 5E 20 20 20 5E	ganso9	BYTE                    "^   ^",0
	   00
					
				; Ganso Agachado
 000002B9 5F 5F 0A 0D 00	ganso_agachado1 	BYTE                         "__",0ah,0dh,0  
 000002BE 2F 20 20 3E 0A	ganso_agachado2		BYTE                       "/  >",0ah,0dh,0  
	   0D 00
 000002C5 5F 5F 5F 5F 5F	ganso_agachado3		BYTE                 "_____/  \ ",0ah,0dh,0  
	   2F 20 20 5C 20
	   0A 0D 00
 000002D2 3C 20 20 20 20	ganso_agachado4		BYTE                "<        /  ",0ah,0dh,0  
	   20 20 20 20 2F
	   20 20 0A 0D 00
 000002E1 5C 5F 20 20 20	ganso_agachado5		BYTE                  "\_   _/   ",0ah,0dh,0  
	   5F 2F 20 20 20
	   0A 0D 00
 000002EE 7C 20 20 20 7C	ganso_agachado6		BYTE                   "|   |     ",0ah,0dh,0  
	   20 20 20 20 20
	   0A 0D 00
 000002FB 5E 20 20 20 5E	ganso_agachado7		BYTE                   "^   ^     ",0
	   20 20 20 20 20
	   00

 00000306 09 09 20 20 20	nuvem   BYTE "		                                         ____     ____        ",0ah,0dh 
	   20 20 20 20 20
	   20 20 20 20 20
	   20 20 20 20 20
	   20 20 20 20 20
	   20 20 20 20 20
	   20 20 20 20 20
	   20 20 20 20 20
	   20 20 20 5F 5F
	   5F 5F 20 20 20
	   20 20 5F 5F 5F
	   5F 20 20 20 20
	   20 20 20 20 0A
	   0D
 00000348  09 20 20 20 20	    	BYTE "	                                              __/    \___/    \____   ",0ah,0dh 
	   20 20 20 20 20
	   20 20 20 20 20
	   20 20 20 20 20
	   20 20 20 20 20
	   20 20 20 20 20
	   20 20 20 20 20
	   20 20 20 20 20
	   20 20 20 20 20
	   20 20 5F 5F 2F
	   20 20 20 20 5C
	   5F 5F 5F 2F 20
	   20 20 20 5C 5F
	   5F 5F 5F 20 20
	   20 0A 0D
 00000391  09 20 20 20 20	       	BYTE "	                                             /                     \  ",0ah,0dh 
	   20 20 20 20 20
	   20 20 20 20 20
	   20 20 20 20 20
	   20 20 20 20 20
	   20 20 20 20 20
	   20 20 20 20 20
	   20 20 20 20 20
	   20 20 20 20 20
	   20 2F 20 20 20
	   20 20 20 20 20
	   20 20 20 20 20
	   20 20 20 20 20
	   20 20 20 5C 20
	   20 0A 0D
 000003DA  20 20 20 20 20	   		BYTE "                                                    |                       \ ",0ah,0dh 
	   20 20 20 20 20
	   20 20 20 20 20
	   20 20 20 20 20
	   20 20 20 20 20
	   20 20 20 20 20
	   20 20 20 20 20
	   20 20 20 20 20
	   20 20 20 20 20
	   20 20 20 20 20
	   20 20 7C 20 20
	   20 20 20 20 20
	   20 20 20 20 20
	   20 20 20 20 20
	   20 20 20 20 20
	   20 5C 20 0A 0D
 0000042A  09 20 20 20 20	    	BYTE "	                                             \___      __         __| ",0ah,0dh 
	   20 20 20 20 20
	   20 20 20 20 20
	   20 20 20 20 20
	   20 20 20 20 20
	   20 20 20 20 20
	   20 20 20 20 20
	   20 20 20 20 20
	   20 20 20 20 20
	   20 5C 5F 5F 5F
	   20 20 20 20 20
	   20 5F 5F 20 20
	   20 20 20 20 20
	   20 20 5F 5F 7C
	   20 0A 0D
 00000473  09 20 20 20 20	        BYTE "	                                                 \____/  \       /    ",0ah,0dh 
	   20 20 20 20 20
	   20 20 20 20 20
	   20 20 20 20 20
	   20 20 20 20 20
	   20 20 20 20 20
	   20 20 20 20 20
	   20 20 20 20 20
	   20 20 20 20 20
	   20 20 20 20 20
	   5C 5F 5F 5F 5F
	   2F 20 20 5C 20
	   20 20 20 20 20
	   20 2F 20 20 20
	   20 0A 0D
 000004BC  20 09 09 09 20	        BYTE " 			                                          \_____/     ",0 
	   20 20 20 20 20
	   20 20 20 20 20
	   20 20 20 20 20
	   20 20 20 20 20
	   20 20 20 20 20
	   20 20 20 20 20
	   20 20 20 20 20
	   20 20 20 20 20
	   20 5C 5F 5F 5F
	   5F 5F 2F 20 20
	   20 20 20 00

 000004F7 20 20 20 20 20	sol     BYTE"          \     /      ",0ah,0dh 
	   20 20 20 20 20
	   5C 20 20 20 20
	   20 2F 20 20 20
	   20 20 20 0A 0D
 00000510  20 20 20 20 20	        BYTE"            \___/       ",0ah,0dh
	   20 20 20 20 20
	   20 20 5C 5F 5F
	   5F 2F 20 20 20
	   20 20 20 20 0A
	   0D
 0000052A  20 20 20 20 20	        BYTE"           /     \      ",0ah,0dh
	   20 20 20 20 20
	   20 2F 20 20 20
	   20 20 5C 20 20
	   20 20 20 20 0A
	   0D
 00000544  20 20 20 20 20	        BYTE"      ____|       |____ ",0ah,0dh
	   20 5F 5F 5F 5F
	   7C 20 20 20 20
	   20 20 20 7C 5F
	   5F 5F 5F 20 0A
	   0D
 0000055E  20 20 20 20 20	        BYTE"           \ ___ /      ",0ah,0dh
	   20 20 20 20 20
	   20 5C 20 5F 5F
	   5F 20 2F 20 20
	   20 20 20 20 0A
	   0D
 00000578  20 20 20 20 20	        BYTE"           /     \      ",0ah,0dh
	   20 20 20 20 20
	   20 2F 20 20 20
	   20 20 5C 20 20
	   20 20 20 20 0A
	   0D
 00000592  20 20 20 20 20	        BYTE"          /       \     ",0
	   20 20 20 20 20
	   2F 20 20 20 20
	   20 20 20 5C 20
	   20 20 20 20 00

 000005AB 20 20 20 20 20	gameover BYTE "                     _____          __  __ ______    ______      ________ _____",0ah,0dh   
	   20 20 20 20 20
	   20 20 20 20 20
	   20 20 20 20 20
	   20 5F 5F 5F 5F
	   5F 20 20 20 20
	   20 20 20 20 20
	   20 5F 5F 20 20
	   5F 5F 20 5F 5F
	   5F 5F 5F 5F 20
	   20 20 20 5F 5F
	   5F 5F 5F 5F 20
	   20 20 20 20 20
	   5F 5F 5F 5F 5F
	   5F 5F 5F 20 5F
	   5F 5F 5F 5F 0A
	   0D
 000005FC  20 20 20 20 20		 BYTE "                     / ____|   /\   |  \/  |  ____|  / __ \ \    / /  ____|  __ \",0ah,0dh  
	   20 20 20 20 20
	   20 20 20 20 20
	   20 20 20 20 20
	   20 2F 20 5F 5F
	   5F 5F 7C 20 20
	   20 2F 5C 20 20
	   20 7C 20 20 5C
	   2F 20 20 7C 20
	   20 5F 5F 5F 5F
	   7C 20 20 2F 20
	   5F 5F 20 5C 20
	   5C 20 20 20 20
	   2F 20 2F 20 20
	   5F 5F 5F 5F 7C
	   20 20 5F 5F 20
	   5C 0A 0D
 0000064F  20 20 20 20 20		 BYTE "                    | |  __   /  \  | \  / | |__    | |  | \ \  / /| |__  | |__) |",0ah,0dh 
	   20 20 20 20 20
	   20 20 20 20 20
	   20 20 20 20 20
	   7C 20 7C 20 20
	   5F 5F 20 20 20
	   2F 20 20 5C 20
	   20 7C 20 5C 20
	   20 2F 20 7C 20
	   7C 5F 5F 20 20
	   20 20 7C 20 7C
	   20 20 7C 20 5C
	   20 5C 20 20 2F
	   20 2F 7C 20 7C
	   5F 5F 20 20 7C
	   20 7C 5F 5F 29
	   20 7C 0A 0D
 000006A3  20 20 20 20 20		 BYTE "                    | | |_ | / /\ \ | |\/| |  __|   | |  | |\ \/ / |  __| |  _  /",0ah,0dh  
	   20 20 20 20 20
	   20 20 20 20 20
	   20 20 20 20 20
	   7C 20 7C 20 7C
	   5F 20 7C 20 2F
	   20 2F 5C 20 5C
	   20 7C 20 7C 5C
	   2F 7C 20 7C 20
	   20 5F 5F 7C 20
	   20 20 7C 20 7C
	   20 20 7C 20 7C
	   5C 20 5C 2F 20
	   2F 20 7C 20 20
	   5F 5F 7C 20 7C
	   20 20 5F 20 20
	   2F 0A 0D
 000006F6  20 20 20 20 20		 BYTE "                    | |__| |/ ____ \| |  | | |____  | |__| | \  /  | |____| | \ \ ",0ah,0dh 
	   20 20 20 20 20
	   20 20 20 20 20
	   20 20 20 20 20
	   7C 20 7C 5F 5F
	   7C 20 7C 2F 20
	   5F 5F 5F 5F 20
	   5C 7C 20 7C 20
	   20 7C 20 7C 20
	   7C 5F 5F 5F 5F
	   20 20 7C 20 7C
	   5F 5F 7C 20 7C
	   20 5C 20 20 2F
	   20 20 7C 20 7C
	   5F 5F 5F 5F 7C
	   20 7C 20 5C 20
	   5C 20 0A 0D
 0000074A  20 20 20 20 20		 BYTE "                     \_____/_/    \_\_|  |_|______|  \____/   \/   |______|_|  \_\",0
	   20 20 20 20 20
	   20 20 20 20 20
	   20 20 20 20 20
	   20 5C 5F 5F 5F
	   5F 5F 2F 5F 2F
	   20 20 20 20 5C
	   5F 5C 5F 7C 20
	   20 7C 5F 7C 5F
	   5F 5F 5F 5F 5F
	   7C 20 20 5C 5F
	   5F 5F 5F 2F 20
	   20 20 5C 2F 20
	   20 20 7C 5F 5F
	   5F 5F 5F 5F 7C
	   5F 7C 20 20 5C
	   5F 5C 00
					
 0000079D 20 20 20 20 20	menuFinal BYTE "                                             Selecione uma opcao:",0ah, 0dh, 0ah
	   20 20 20 20 20
	   20 20 20 20 20
	   20 20 20 20 20
	   20 20 20 20 20
	   20 20 20 20 20
	   20 20 20 20 20
	   20 20 20 20 20
	   20 20 20 20 20
	   53 65 6C 65 63
	   69 6F 6E 65 20
	   75 6D 61 20 6F
	   70 63 61 6F 3A
	   0A 0D 0A
 000007E1  09 09 09 09 20			  BYTE "				                1 - Menu inicial",0ah, 0dh
	   20 20 20 20 20
	   20 20 20 20 20
	   20 20 20 20 20
	   31 20 2D 20 4D
	   65 6E 75 20 69
	   6E 69 63 69 61
	   6C 0A 0D
 00000807  09 09 09 09 20	          BYTE "				              ESC - SAIR",0
	   20 20 20 20 20
	   20 20 20 20 20
	   20 20 20 45 53
	   43 20 2D 20 53
	   41 49 52 00
					
 00000000			.code
				;==================Desenha o menu inicial ==========================
				;Recebe: nda
				;Retorna: Desenho do menu na tela
				;===================================================================
 00000000			DesenhaMenu PROC
 00000000  B8 00000004			mov  eax, red
 00000005  E8 00000000 E		call SetTextColor
 0000000A  B2 01			mov dl, 1
 0000000C  B6 06			mov dh, 6
 0000000E  E8 00000000 E		call GotoXY
 00000013  BA 00000049 R		mov edx, OFFSET logo
 00000018  E8 00000000 E	    call WriteString

 0000001D  B8 0000000F			mov eax, white
 00000022  E8 00000000 E		call SetTextColor
 00000027  B2 20			mov dl,32
 00000029  B6 0F			mov dh, 15
 0000002B  E8 00000000 E		call GotoXY
 00000030  BA 000001E6 R	    mov edx, OFFSET menu   
 00000035  E8 00000000 E		call WriteString  
 0000003A  C3				ret
 0000003B			DesenhaMenu ENDP
				;===================================================================

				;==============Desenha a moldura da tela=============================
				;Recebe: eax com a cor da moldura, LARGURA e ALTURA da tela
				;Retorna: desenho da moldura na tela 
				;====================================================================
 0000003B			Moldura PROC USES edx ecx
 0000003B  52		   *	    push   edx
 0000003C  51		   *	    push   ecx
 0000003D  E8 00000000 E		call SetTextColor

					;Superior
 00000042  B2 01			mov dl, 1
 00000044  B6 01			mov dh, 1
 00000046  B9 00000069			mov ecx, LARGURA ;LARGURA da tela do jogo
 0000004B  B0 DC			mov al, 220	;caracter ASCII que compõe as barras superior e inferior
 0000004D  EB 09			jmp HORIZONTAL

 0000004F				INFERIOR:
 0000004F  B2 01				mov dl, 1
 00000051  B6 1D				mov dh, ALTURA	; posição da barra inferior
 00000053  B9 00000069				mov ecx, LARGURA ;LARGURA da tela do jogo

					;Desenha as barras superior e inferior(uma por vez)
 00000058				HORIZONTAL:          
 00000058  E8 00000000 E			call GotoXY
 0000005D  E8 00000000 E			call WriteChar
 00000062  FE C2				inc dl
 00000064  E2 F2			loop HORIZONTAL
 00000066  80 FE 1D			cmp dh, ALTURA
 00000069  75 E4			jne INFERIOR ;se dh != 24 vai para inferior desenhar a outra barra

					;Laterais
 0000006B  B2 01			mov dl, 1
 0000006D  B6 02			mov dh, 2
 0000006F  B9 0000001C			mov ecx, ALTURA-1
 00000074  B0 DB			mov al, 219 ;caracter que compõe as barras laterais

					;Desenha as barras verticais(as duas juntas)
 00000076				VERTICAL:            
 00000076  E8 00000000 E			call GotoXY
 0000007B  E8 00000000 E			call WriteChar
 00000080  80 C2 68				add dl, LARGURA-1	;pula para a esquerda
 00000083  E8 00000000 E			call GotoXY
 00000088  E8 00000000 E			call WriteChar
 0000008D  80 EA 68				sub dl, LARGURA-1	;volta para a direita
 00000090  FE C6				inc dh
 00000092  E2 E2			loop VERTICAL
					ret
 00000094  59		   *	    pop    ecx
 00000095  5A		   *	    pop    edx
 00000096  C3		   *	    ret    00000h
 00000097			Moldura ENDP
				;===================================================================

				;======================Desenha o Ganso Em Pe =======================
				;Recebe: PosY
				;Retorna: desenho do ganso na tela em pé no chão ou no ar
				;===================================================================
 00000097			DesenhaGansoEmPE PROC USES edx eax
 00000097  52		   *	    push   edx
 00000098  50		   *	    push   eax
 00000099  B8 0000000F			mov eax, white
 0000009E  E8 00000000 E		call SetTextColor
 000000A3  B2 19		    mov dl, 25
 000000A5  8A 35 00000010 R		mov dh, PosY
 000000AB  52				push edx
 000000AC  E8 00000000 E		call GotoXY
 000000B1  BA 0000026B R		mov edx, OFFSET ganso1
 000000B6  E8 00000000 E		call WriteString

 000000BB  5A				pop edx
 000000BC  B2 18		    mov dl, 24
 000000BE  FE C6			inc dh
 000000C0  E8 00000000 E		call GotoXY
 000000C5  52				push edx
 000000C6  BA 00000270 R		mov edx, OFFSET ganso2
 000000CB  E8 00000000 E		call WriteString

 000000D0  5A			    pop edx
 000000D1  B2 17			mov dl, 23
 000000D3  FE C6			inc dh
 000000D5  E8 00000000 E		call GotoXY
 000000DA  52				push edx
 000000DB  BA 00000277 R		mov edx, OFFSET ganso3
 000000E0  E8 00000000 E		call WriteString

 000000E5  5A				pop edx
 000000E6  B2 11			mov dl, 17
 000000E8  FE C6			inc dh
 000000EA  E8 00000000 E		call GotoXY
 000000EF  52				push edx
 000000F0  BA 0000027E R		mov edx, OFFSET ganso4
 000000F5  E8 00000000 E		call WriteString

 000000FA  5A				pop edx
 000000FB  B2 10			mov dl, 16
 000000FD  FE C6			inc dh
 000000FF  E8 00000000 E		call GotoXY
 00000104  52				push edx
 00000105  BA 0000028B R		mov edx, OFFSET ganso5
 0000010A  E8 00000000 E		call WriteString	

 0000010F  5A				pop edx
 00000110  B2 11			mov dl, 17
 00000112  FE C6			inc dh
 00000114  E8 00000000 E		call GotoXY
 00000119  52				push edx
 0000011A  BA 00000298 R		mov edx, OFFSET ganso6
 0000011F  E8 00000000 E		call WriteString

 00000124  5A				pop edx
 00000125  B2 13			mov dl, 19
 00000127  FE C6			inc dh
 00000129  E8 00000000 E		call GotoXY
 0000012E  52				push edx
 0000012F  BA 000002A3 R		mov edx, OFFSET ganso7
 00000134  E8 00000000 E		call WriteString

 00000139  5A				pop edx
 0000013A  B2 13			mov dl, 19
 0000013C  FE C6			inc dh
 0000013E  E8 00000000 E		call GotoXY
 00000143  52				push edx
 00000144  BA 000002AB R		mov edx, OFFSET ganso8
 00000149  E8 00000000 E		call WriteString

 0000014E  5A				pop edx
 0000014F  B2 13			mov dl, 19
 00000151  FE C6			inc dh
 00000153  E8 00000000 E		call GotoXY
 00000158  52				push edx
 00000159  BA 000002B3 R		mov edx, OFFSET ganso9
 0000015E  E8 00000000 E		call WriteString 
 00000163  5A				pop edx
					ret
 00000164  58		   *	    pop    eax
 00000165  5A		   *	    pop    edx
 00000166  C3		   *	    ret    00000h
 00000167			DesenhaGansoEmPE ENDP
				;===================================================================

				;======================Desenha o Ganso agachado ====================
				;Recebe: PosY
				;Retorna: desenho do ganso na tela em pé no chão ou no ar
				;===================================================================
 00000167			DesenhaGansoAgachado PROC USES eax
 00000167  50		   *	    push   eax
 00000168  B8 0000000F		    mov eax, white
 0000016D  E8 00000000 E		call SetTextColor
 00000172  B2 18		    mov dl, 24
 00000174  8A 35 00000010 R		mov dh, PosY
 0000017A  52				push edx
 0000017B  E8 00000000 E		call GotoXY
 00000180  BA 000002B9 R		mov edx, OFFSET ganso_agachado1
 00000185  E8 00000000 E		call WriteString

 0000018A  5A				pop edx
 0000018B  B2 17		    mov dl, 23
 0000018D  FE C6			inc dh
 0000018F  E8 00000000 E		call GotoXY
 00000194  52				push edx
 00000195  BA 000002BE R		mov edx, OFFSET ganso_agachado2
 0000019A  E8 00000000 E		call WriteString

 0000019F  5A				pop edx
 000001A0  B2 11			mov dl, 17
 000001A2  FE C6			inc dh
 000001A4  E8 00000000 E		call GotoXY
 000001A9  52				push edx
 000001AA  BA 000002C5 R		mov edx, OFFSET ganso_agachado3
 000001AF  E8 00000000 E		call WriteString

 000001B4  5A				pop edx
 000001B5  B2 10			mov dl, 16
 000001B7  FE C6			inc dh
 000001B9  E8 00000000 E		call GotoXY
 000001BE  52				push edx
 000001BF  BA 000002D2 R		mov edx, OFFSET ganso_agachado4
 000001C4  E8 00000000 E		call WriteString

 000001C9  5A				pop edx
 000001CA  B2 12			mov dl, 18
 000001CC  FE C6			inc dh
 000001CE  E8 00000000 E		call GotoXY
 000001D3  52				push edx
 000001D4  BA 000002E1 R		mov edx, OFFSET ganso_agachado5
 000001D9  E8 00000000 E		call WriteString	

 000001DE  5A				pop edx
 000001DF  B2 13			mov dl, 19
 000001E1  FE C6			inc dh
 000001E3  E8 00000000 E		call GotoXY
 000001E8  52				push edx
 000001E9  BA 000002EE R		mov edx, OFFSET ganso_agachado6
 000001EE  E8 00000000 E		call WriteString

 000001F3  5A				pop edx
 000001F4  B2 13			mov dl, 19
 000001F6  FE C6			inc dh
 000001F8  E8 00000000 E		call GotoXY
 000001FD  52				push edx
 000001FE  BA 000002FB R		mov edx, OFFSET ganso_agachado7
 00000203  E8 00000000 E		call WriteString
 00000208  5A				pop edx

					ret
 00000209  58		   *	    pop    eax
 0000020A  C3		   *	    ret    00000h
					exit
 0000020B  6A 00	   *	    push   +000000000h
 0000020D  E8 00000000 E   *	    call   ExitProcess
 00000212			DesenhaGansoAgachado ENDP
				;===================================================================

				;======================Deleta Desenho===============================
				;Recebe:PosX, PosY(ganso em pé = 20, obstaculo1 = 26, obstaculo2 = 19),
				;		larguraO, alturaO
				;Retorna:
				;===================================================================
 00000212			DeletaDesenho PROC USES edx eax ecx
 00000212  52		   *	    push   edx
 00000213  50		   *	    push   eax
 00000214  51		   *	    push   ecx
 00000215  8A 15 00000011 R		mov dl, PosX
 0000021B  8A 35 00000010 R		mov dh, PosY
 00000221  E8 00000000 E		call GotoXY
					
 00000226  0F B6 0D			movzx ecx, alturaO   ; Nr de Linhas do Desenho
	   00000013 R
 0000022D  B0 20			mov al, 32   ; Barra de Espaço
 0000022F				LINHA:
 0000022F  51					push ecx
 00000230  0F B6 0D				movzx ecx, larguraO   ; Nr de Colunas do Desenho
	   00000012 R
 00000237					COLUNA:
 00000237  E8 00000000 E				call WriteChar
 0000023C  E2 F9				loop COLUNA
 0000023E  59					pop ecx
 0000023F  FE C6				inc dh
 00000241  E8 00000000 E			call GotoXY
 00000246  E2 E7			loop LINHA

					ret
 00000248  59		   *	    pop    ecx
 00000249  58		   *	    pop    eax
 0000024A  5A		   *	    pop    edx
 0000024B  C3		   *	    ret    00000h
 0000024C			DeletaDesenho ENDP

				;=====================Desenha Obstaculo1============================
				;Recebe: PosX
				;Retorna: obstaculo desenhado na tela
				;===================================================================
 0000024C			DesenhaObstaculo1 PROC USES ecx
 0000024C  51		   *	    push   ecx
 0000024D  B8 00000006			mov eax, brown
 00000252  E8 00000000 E		call SetTextColor
 00000257  8A 15 00000011 R		mov dl, PosX			;Posição que vai desenhar
 0000025D  B6 1A			mov dh, Y_OBSTACULO1	
 0000025F  B0 21			mov al, "!"
 00000261  B9 00000005			mov ecx, 5
 00000266				CIMA:
 00000266  E8 00000000 E			call GotoXY
 0000026B  E8 00000000 E			call WriteChar
 00000270  FE C2				inc dl
 00000272  E2 F2			loop CIMA
					
 00000274  8A 15 00000011 R		mov dl, PosX
 0000027A  B6 1B			mov dh, 27
 0000027C  B9 00000002			mov ecx, 2
 00000281				LADOS:
 00000281  E8 00000000 E			call GotoXY
 00000286  E8 00000000 E			call WriteChar
 0000028B  80 C2 04				add dl, 4
 0000028E  E8 00000000 E			call GotoXY
 00000293  E8 00000000 E			call WriteChar
 00000298  80 EA 04				sub dl, 4
 0000029B  FE C6				inc dh
 0000029D  E2 E2			loop LADOS
					ret
 0000029F  59		   *	    pop    ecx
 000002A0  C3		   *	    ret    00000h
 000002A1			DesenhaObstaculo1 ENDP
				;====================================================================

				;=====================Desenha Obstaculo2============================
				;Recebe: PosX
				;Retorna: obstaculo desenhado na tela
				;===================================================================
 000002A1			DesenhaObstaculo2 PROC USES ecx
 000002A1  51		   *	    push   ecx
 000002A2  B8 00000004			mov eax, red
 000002A7  E8 00000000 E		call SetTextColor
 000002AC  80 05 00000011 R		add PosX, 1		;Posição que vai desenhar
	   01
 000002B3  8A 15 00000011 R		mov dl, PosX
 000002B9  B6 13			mov dh, Y_OBSTACULO2
 000002BB  FE 0D 00000011 R		dec PosX

 000002C1  B0 2F			mov al, "/"
 000002C3  E8 00000000 E		call GotoXY
 000002C8  E8 00000000 E		call WriteChar

 000002CD  FE C6			inc dh
 000002CF  FE CA			dec dl
 000002D1  B0 78			mov al, "x"
 000002D3  E8 00000000 E		call GotoXY
 000002D8  E8 00000000 E		call WriteChar

 000002DD  FE C2			inc dl
 000002DF  B0 2D			mov al, "-"
 000002E1  B9 00000004			mov ecx, 4
 000002E6				L1: 
 000002E6  E8 00000000 E			call GotoXY
 000002EB  E8 00000000 E			call WriteChar
 000002F0  FE C2				inc dl
 000002F2  E2 F2			loop L1

 000002F4  FE C6			inc dh
 000002F6  80 EA 04			sub dl, 4
 000002F9  B0 5C			mov al, "\"
 000002FB  E8 00000000 E		call GotoXY
 00000300  E8 00000000 E		call WriteChar
					ret
 00000305  59		   *	    pop    ecx
 00000306  C3		   *	    ret    00000h
 00000307			DesenhaObstaculo2 ENDP
				;====================================================================

				;=========================Desenha Céu===============================
				;Recebe: nda
				;Retorna: desenho do ceu do jogo na tela
				;===================================================================
 00000307			DesenhaCeu PROC 
					;SOL
 00000307  B8 0000000E			mov eax, yellow
 0000030C  E8 00000000 E		call SetTextColor
 00000311  B2 01			mov dl, 1
 00000313  B6 03			mov dh, 3
 00000315  E8 00000000 E		call GotoXY
 0000031A  BA 000004F7 R		mov edx, OFFSET sol
 0000031F  E8 00000000 E		call WriteString
					;NUVEM
 00000324  B8 0000000F			mov eax, white
 00000329  E8 00000000 E		call SetTextColor
 0000032E  B2 01			mov dl, 1
 00000330  B6 0A			mov dh, 10
 00000332  E8 00000000 E		call GotoXY
 00000337  BA 00000306 R		mov edx, OFFSET nuvem
 0000033C  E8 00000000 E		call WriteString
 00000341  C3				ret
 00000342			DesenhaCeu ENDP
				;==================================================================

				;=======================Inicializa Jogo==============================
				;Recebe: nda
				;Retorna: Tela inicial do jogo
				;====================================================================
 00000342			InicializaJogo PROC
 00000342  E8 00000000 E		call Clrscr
 00000347  C6 05 00000010 R		mov PosY, Y_GANSO_EM_PE
	   14
 0000034E  E8 FFFFFD44			call DesenhaGansoEmPE
 00000353  E8 FFFFFFAF			call DesenhaCeu
 00000358  B8 00000002			mov eax, green	;cor da moldura
 0000035D  E8 FFFFFCD9			call Moldura
					
 00000362  E8 00000029			call CriaObstaculo
 00000367  C3				ret
 00000368			InicializaJogo ENDP
				;====================================================================

				;==========================Pontuação=================================
				;Recebe: Pontuação
				;Retorna: pontuação no canto direito da tela
				;====================================================================
 00000368			Pontuacao PROC
 00000368  B8 00000002			mov eax, green
 0000036D  E8 00000000 E		call SetTextColor
 00000372  B2 4D			mov dl, X_SCORE
 00000374  B6 05			mov dh, Y_SCORE
 00000376  E8 00000000 E		call GotoXY
 0000037B  BA 00000026 R		mov edx , OFFSET Score
 00000380  E8 00000000 E		call WriteString

 00000385  A1 00000041 R		mov eax, Pontos
 0000038A  E8 00000000 E		call WriteDec
 0000038F  C3				ret
 00000390			Pontuacao ENDP

				;=====================Cria Obstaculo ================================
				;Gera os obstáculos de forma aleatória
				;Recebe: PosObs1 , PosObs2, CtrlObs1 e CtrlObs2
				;Retorna: um obstáculo(ou nada) na tela
				;====================================================================
 00000390			CriaObstaculo PROC
 00000390  E8 00000000 E		call Randomize		;Gera um valor aleatorio: 0= nda, 1= cria obstaculo do tipo 1, 2 = cria obstaculo do tipo 2
 00000395  B8 00000003			mov eax, 3
 0000039A  E8 00000000 E		call RandomRange
					.IF al == 1
 0000039F  3C 01	   *	    cmp    al, 001h
 000003A1  75 24	   *	    jne    @C0001
 000003A3  C6 05 00000011 R			mov PosX, FINAL_DIREITA			;Pos final da tela(esquerda)
	   64
 000003AA  E8 FFFFFE9D				call DesenhaObstaculo1
 000003AF  0F B6 1D				movzx ebx, CtrlObs1
	   00000024 R
 000003B6  C6 83 00000016 R			mov PosObs1[ebx], FINAL_DIREITA	;Adiciona posição do obstáculo criado ao vetor de posições
	   64
 000003BD  FE 05 00000024 R			inc CtrlObs1			;Incrementa contador da fila
 000003C3  EB 28				jmp FIM
					.ELSEIF al == 2
 000003C5  EB 26	   *	    jmp    @C0003
 000003C7		   *@C0001:
 000003C7  3C 02	   *	    cmp    al, 002h
 000003C9  75 22	   *	    jne    @C0004
 000003CB  C6 05 00000011 R			mov PosX, 99			;Pos final da tela(esquerda)
	   63
 000003D2  E8 FFFFFECA				call DesenhaObstaculo2
 000003D7  0F B6 1D				movzx ebx, CtrlObs2
	   00000025 R
 000003DE  C6 83 0000001D R			mov PosObs2[ebx], FINAL_DIREITA	;Adiciona posição do obstáculo criado ao vetor de posições
	   64
 000003E5  FE 05 00000025 R			inc CtrlObs2			;Incrementa contador da fila
 000003EB  EB 00				jmp FIM
					.ENDIF
 000003ED		   *@C0004:
 000003ED		   *@C0003:
 000003ED				FIM:
 000003ED  C3				ret
 000003EE			CriaObstaculo ENDP
				;====================================================================

				;=======================JOGO=========================================
				;Rotina do jogo. Faz a leitura da tecla de salto(W) e agachamento (S), chama os 
				;procedimentos de movimentação e criação de obstaculos e testa colisões
				;Recebe: add contadorTempo, contadorObstaculo, contadorPulo,contadorAgacha, statusGanso,
				;PosX, PosY, constantes de posição e tamanho, Pontos, dificuldade
				;Retorna: jogo na tela
				;====================================================================
 000003EE			Jogo PROC
 000003EE  E8 FFFFFF4F			call InicializaJogo
 000003F3				JOGO_LOOP:
 000003F3  0F B6 05				movzx eax, dificuldade
	   00000015 R
 000003FA  E8 00000000 E			call Delay
 000003FF  E8 00000000 E			call ReadKey
						;contadores que controlam a atualização da tela e movimentação dos desenhos
 00000404  83 05 00000000 R			add contadorTempo, 50
	   32
 0000040B  83 05 00000004 R			add contadorObstaculo, 50
	   32
 00000412  83 05 00000008 R			add contadorPulo, 50
	   32
 00000419  83 05 0000000C R			add contadorAgacha, 50
	   32
						
						.IF al == "w"        ;Faz o Ganso Pular
 00000420  3C 77	   *	    cmp    al, 'w'
 00000422  75 52	   *	    jne    @C0006
							;Deletando o Desenho do Ganso
 00000424  C6 05 00000014 R				mov statusGanso, 2
	   02
 0000042B  C6 05 00000011 R				mov PosX,16
	   10
 00000432  C6 05 00000010 R				mov PosY, Y_GANSO_EM_PE
	   14
 00000439  C6 05 00000012 R				mov larguraO, LARGURA_GANSO
	   0C
 00000440  C6 05 00000013 R				mov alturaO,ALTURA_GANSO
	   09
 00000447  E8 FFFFFDC6					call DeletaDesenho
							;Desenhando o Ganso no Ar
 0000044C  C6 05 00000010 R				mov PosY, Y_GANSO_PULANDO
	   0F
 00000453  C7 05 00000008 R				mov contadorPulo, 0
	   00000000
 0000045D  C7 05 0000000C R				mov contadorAgacha, 0
	   00000000
 00000467  E8 FFFFFC2B					call DesenhaGansoEmPE
 0000046C  E9 00000085					jmp DELAY_MOVIMENTO
						
						.ELSEIF al ==  "s"    ;Faz o Ganso Agachar
 00000471  E9 00000080	   *	    jmp    @C0008
 00000476		   *@C0006:
 00000476  3C 73	   *	    cmp    al, 's'
 00000478  75 7C	   *	    jne    @C0009
							;Deletando o Desenho do Ganso
 0000047A  C6 05 00000011 R				mov PosX,16
	   10
 00000481  80 3D 00000014 R				cmp statusGanso, 2
	   02
 00000488  75 10					jne NPULANDO
 0000048A  C6 05 00000010 R					mov PosY, Y_GANSO_PULANDO
	   0F
 00000491  C6 05 00000013 R				    mov alturaO,ALTURA_GANSO
	   09
 00000498  EB 27						jmp DELETA_
 0000049A						NPULANDO:
 0000049A  80 3D 00000014 R				cmp statusGanso, 1
	   01
 000004A1  75 10					jne AGACHADO_
 000004A3  C6 05 00000010 R					mov PosY, Y_GANSO_EM_PE
	   14
 000004AA  C6 05 00000013 R					mov alturaO,ALTURA_GANSO
	   09
 000004B1  EB 0E						jmp DELETA_
 000004B3						AGACHADO_:
 000004B3  C6 05 00000010 R					mov PosY, Y_GANSO_AGACHADO
	   16
 000004BA  C6 05 00000013 R					mov alturaO,ALTURA_GANSO_AGACHADO
	   07
 000004C1						DELETA_:
 000004C1  C6 05 00000012 R				mov larguraO, LARGURA_GANSO
	   0C
 000004C8  E8 FFFFFD45					call DeletaDesenho
							;Desenhando o Ganso Agachado
 000004CD  C6 05 00000010 R				mov PosY, Y_GANSO_AGACHADO
	   16
 000004D4  C7 05 0000000C R				mov contadorAgacha, 0
	   00000000
 000004DE  C7 05 00000008 R				mov contadorPulo, 0
	   00000000
 000004E8  E8 FFFFFC7A					call DesenhaGansoAgachado
 000004ED  C6 05 00000014 R				mov statusGanso, 0
	   00
 000004F4  EB 00					jmp DELAY_MOVIMENTO
							
						.ENDIF
 000004F6		   *@C0009:
 000004F6		   *@C0008:
						
 000004F6					DELAY_MOVIMENTO:
						.IF contadorPulo == 1700 && statusGanso == 2
 000004F6  81 3D 00000008 R
	   000006A4	   *	    cmp    contadorPulo, 006A4h
 00000500  75 49	   *	    jne    @C000B
 00000502  80 3D 00000014 R
	   02		   *	    cmp    statusGanso, 002h
 00000509  75 40	   *	    jne    @C000B
							;Deleta o Ganso no Ar
 0000050B  C6 05 00000014 R				mov statusGanso, 1
	   01
 00000512  C6 05 00000011 R				mov PosX, 16
	   10
 00000519  C6 05 00000010 R				mov PosY, Y_GANSO_PULANDO
	   0F
 00000520  C6 05 00000012 R				mov larguraO, LARGURA_GANSO
	   0C
 00000527  C6 05 00000013 R				mov alturaO, ALTURA_GANSO
	   09
 0000052E  E8 FFFFFCDF					call DeletaDesenho
							;Desenha o Ganso de volta ao chao
 00000533  C6 05 00000010 R				mov PosY, Y_GANSO_EM_PE
	   14
 0000053A  E8 FFFFFB58					call DesenhaGansoEmPE
							
 0000053F  C7 05 00000008 R				mov contadorPulo, 0
	   00000000
 00000549  EB 00					jmp DELAY_MOVIMENTO2
						.ENDIF
 0000054B		   *@C000B:

 0000054B					DELAY_MOVIMENTO2:
						.IF contadorAgacha == 1500 && statusGanso == 0
 0000054B  81 3D 0000000C R
	   000005DC	   *	    cmp    contadorAgacha, 005DCh
 00000555  75 49	   *	    jne    @C000E
 00000557  80 3D 00000014 R
	   00		   *	    cmp    statusGanso, 000h
 0000055E  75 40	   *	    jne    @C000E
							;Deleta o Ganso agachado
 00000560  C6 05 00000014 R				mov statusGanso, 1
	   01
 00000567  C6 05 00000011 R				mov PosX, 16
	   10
 0000056E  C6 05 00000010 R				mov PosY, Y_GANSO_AGACHADO-2
	   14
 00000575  C6 05 00000012 R				mov larguraO, LARGURA_GANSO
	   0C
 0000057C  C6 05 00000013 R				mov alturaO, ALTURA_GANSO
	   09
 00000583  E8 FFFFFC8A					call DeletaDesenho
							;Desenha o Ganso de volta ao chao
 00000588  C6 05 00000010 R				mov PosY, Y_GANSO_EM_PE
	   14
 0000058F  E8 FFFFFB03					call DesenhaGansoEmPE
							
 00000594  C7 05 0000000C R				mov contadorAgacha, 0
	   00000000
 0000059E  EB 00					jmp ATUALIZA_OBSTACULOS
						.ENDIF
 000005A0		   *@C000E:
						
 000005A0					ATUALIZA_OBSTACULOS:
						.IF contadorTempo == 100    
 000005A0  83 3D 00000000 R
	   64		   *	    cmp    contadorTempo, 064h
 000005A7  75 1C	   *	    jne    @C0011
 000005A9  E8 00000090					call AtualizaObstaculos
 000005AE  C7 05 00000000 R				mov contadorTempo, 0
	   00000000
 000005B8  FF 05 00000041 R				inc Pontos
 000005BE  E8 FFFFFDA5					call Pontuacao
 000005C3  EB 00					jmp TESTA_COLISAO
						.ENDIF
 000005C5		   *@C0011:

 000005C5					TESTA_COLISAO:
						.IF (PosObs1[0] <= 23 && PosObs1[0] >= 13 && statusGanso != 2) || (PosObs2[0] <= 27 && PosObs2[0] >= 20 && statusGanso != 0 ) || (PosObs2[0] <= 25 && PosObs2[0] >= 11 && statusGanso == 2)
 000005C5  80 3D 00000016 R
	   17		   *	    cmp    PosObs1 + [000h], 017h
 000005CC  77 12	   *	    ja	@C0016
 000005CE  80 3D 00000016 R
	   0D		   *	    cmp    PosObs1 + [000h], 00Dh
 000005D5  72 09	   *	    jb	@C0016
 000005D7  80 3D 00000014 R
	   02		   *	    cmp    statusGanso, 002h
 000005DE  75 36	   *	    jne    @C0014
 000005E0		   *@C0016:
 000005E0  80 3D 0000001D R
	   1B		   *	    cmp    PosObs2 + [000h], 01Bh
 000005E7  77 12	   *	    ja	@C0015
 000005E9  80 3D 0000001D R
	   14		   *	    cmp    PosObs2 + [000h], 014h
 000005F0  72 09	   *	    jb	@C0015
 000005F2  80 3D 00000014 R
	   00		   *	    cmp    statusGanso, 000h
 000005F9  75 1B	   *	    jne    @C0014
 000005FB		   *@C0015:
 000005FB  80 3D 0000001D R
	   19		   *	    cmp    PosObs2 + [000h], 019h
 00000602  77 14	   *	    ja	@C0013
 00000604  80 3D 0000001D R
	   0B		   *	    cmp    PosObs2 + [000h], 00Bh
 0000060B  72 0B	   *	    jb	@C0013
 0000060D  80 3D 00000014 R
	   02		   *	    cmp    statusGanso, 002h
 00000614  75 02	   *	    jne    @C0013
 00000616		   *@C0014:
 00000616  EB 25					jmp PERDEU_
						.ENDIF
 00000618		   *@C0013:

						.IF contadorObstaculo >= 2500
 00000618  81 3D 00000004 R
	   000009C4	   *	    cmp    contadorObstaculo, 009C4h
 00000622  72 14	   *	    jb	@C001D
 00000624  E8 FFFFFD67					call CriaObstaculo
 00000629  C7 05 00000004 R				mov contadorObstaculo, 0
	   00000000
 00000633  E9 FFFFFDBB					jmp JOGO_LOOP
						.ENDIF
 00000638		   *@C001D:
						
						
 00000638  E9 FFFFFDB6			jmp JOGO_LOOP
 0000063D				PERDEU_:
 0000063D  C3				ret
 0000063E			Jogo ENDP
				;=====================================================================

				;=======================Atualiza Obstaculos==========================
				;Atualiza posição de todos os obstáculos desenhados na tela
				;Recebe: Lista com posição dos obstáculos existentes
				;Retorna: Lista de posições atualizada e desenhos nas novas posições
				;====================================================================
 0000063E			AtualizaObstaculos PROC USES ecx
					;Obstaculos do tipo 1 =============================
 0000063E  51		   *	    push   ecx
 0000063F  B9 00000000			mov ecx, 0
 00000644  8A 0D 00000024 R		mov cl, CtrlObs1	;final da fila de posições +1  
 0000064A  80 F9 00			cmp cl, 0
 0000064D  74 6C			je TIPO2	;Se não existir obstáculo do tipo 1 pula para tipo 2
 0000064F				PERCORRE1:
						;Deletando objeto1 da posição PosObs1[ecx]
 0000064F  49					dec ecx	;elemento anterior da fila 
 00000650  8A 99 00000016 R			mov bl, PosObs1[ecx]	;bl = posição do elemento da fila
 00000656  88 1D 00000011 R			mov PosX, bl
 0000065C  C6 05 00000010 R			mov PosY, Y_OBSTACULO1
	   1A
 00000663  C6 05 00000012 R			mov larguraO, LARGURA_OBJ1
	   05
 0000066A  C6 05 00000013 R			mov alturaO, ALTURA_OBJ1
	   03
 00000671  E8 FFFFFB9C				call DeletaDesenho

						;Desenhando na nova posição após apagar da posição anterior
						.IF PosX >= 3 	;Final da tela(esquerda)
 00000676  80 3D 00000011 R
	   03		   *	    cmp    PosX, 003h
 0000067D  72 21	   *	    jb	@C001F
 0000067F  FE 0D 00000011 R				dec PosX     ;movimenta uma unidade para a esquerda
 00000685  8A 1D 00000011 R				mov bl, PosX
 0000068B  88 99 00000016 R				mov PosObs1[ecx], bl	;Atualizando vetor de posições
 00000691  88 1D 00000011 R				mov PosX, bl
 00000697  E8 FFFFFBB0					call DesenhaObstaculo1
 0000069C  EB 1A					jmp INCREMENTA1
						.ELSE					;Obstáculo chegou ao fim da tela => deleta 
 0000069E  EB 18	   *	    jmp    @C0021
 000006A0		   *@C001F:
 000006A0  BA 00000016 R				mov edx, OFFSET PosObs1
 000006A5  FE 0D 00000024 R				dec CtrlObs1	;Diminui um elemento da fila
 000006AB  8A 1D 00000024 R				mov bl, CtrlObs1
 000006B1  E8 0000007E					call ShiftLeftVetorPosicao 	;shifta o vetor PosObs1 para a esquerda
 000006B6  EB 00					jmp INCREMENTA1
						.ENDIF
 000006B8		   *@C0021:
 000006B8					INCREMENTA1:
 000006B8  41					inc ecx
 000006B9  E2 94			loop PERCORRE1
					;=================================================
					;Obstáculos do tipo 2 ============================
 000006BB				TIPO2:
 000006BB  8A 0D 00000025 R		mov cl, CtrlObs2
 000006C1  80 F9 00			cmp cl, 0
 000006C4  74 6C			je SAIR		;Se não existir obstáculo do tipo 2, sai
 000006C6				PERCORRE2:
						;Deletando objeto2 da posição PosObs2[ecx]
 000006C6  49					dec ecx     ;elemento anterior da fila 
 000006C7  8A 99 0000001D R			mov bl, PosObs2[ecx]	;bl = posição do elemento da fila
 000006CD  88 1D 00000011 R			mov PosX, bl
 000006D3  C6 05 00000010 R			mov PosY, Y_OBSTACULO2
	   13
 000006DA  C6 05 00000012 R			mov larguraO, LARGURA_OBJ2
	   05
 000006E1  C6 05 00000013 R			mov alturaO, ALTURA_OBJ2
	   03
 000006E8  E8 FFFFFB25				call DeletaDesenho

						;Desenhando na nova posição após apagar da posição anterior
						.IF PosX >= 3   ;Final da tela(esquerda)
 000006ED  80 3D 00000011 R
	   03		   *	    cmp    PosX, 003h
 000006F4  72 21	   *	    jb	@C0022
 000006F6  FE 0D 00000011 R				dec PosX	;movimenta uma unidade para a esquerda
 000006FC  8A 1D 00000011 R				mov bl, PosX
 00000702  88 99 0000001D R				mov PosObs2[ecx], bl
 00000708  88 1D 00000011 R				mov PosX, bl
 0000070E  E8 FFFFFB8E					call DesenhaObstaculo2
 00000713  EB 1A					jmp INCREMENTA2
						.ELSE
 00000715  EB 18	   *	    jmp    @C0024
 00000717		   *@C0022:
 00000717  BA 0000001D R				mov edx, OFFSET PosObs2
 0000071C  FE 0D 00000025 R				dec CtrlObs2		;Diminui um elemento da fila
 00000722  8A 1D 00000025 R				mov bl, CtrlObs2
 00000728  E8 00000007					call ShiftLeftVetorPosicao		;shifta o vetor PosObs2 para a esquerda
 0000072D  EB 00					jmp INCREMENTA2
						.ENDIF
 0000072F		   *@C0024:
 0000072F					INCREMENTA2:
 0000072F  41					inc ecx
 00000730  E2 94			loop PERCORRE2
					;=================================================
 00000732				SAIR:
					ret
 00000732  59		   *	    pop    ecx
 00000733  C3		   *	    ret    00000h
 00000734			AtualizaObstaculos ENDP
				;====================================================================

				;=====================Shift Vetor Posição=========================
				;Recebe: edx = OFFSET do Vetor, ebx = numero de elementos do vetor -1
				;retorna: vetor shiftado para a esquerda
				;====================================================================
 00000734			ShiftLeftVetorPosicao PROC USES ecx ebx edx
 00000734  51		   *	    push   ecx
 00000735  53		   *	    push   ebx
 00000736  52		   *	    push   edx
 00000737  8B CB			mov ecx, ebx
 00000739  83 F9 00			cmp ecx, 0
 0000073C  74 0B			je EXCEPTION_ ;Se ecx = 0 loop não funciona corretamente
 0000073E				PERCORRE:
 0000073E  42					inc edx
 0000073F  8A 1A				mov bl, [edx]
 00000741  4A					dec edx
 00000742  88 1A				mov [edx], bl 
 00000744  42					inc edx
 00000745  E2 F7			loop PERCORRE
 00000747  EB 07			jmp SAIR

 00000749				EXCEPTION_:
 00000749  42					inc edx
 0000074A  8A 1A				mov bl, [edx]
 0000074C  4A					dec edx
 0000074D  88 1A				mov [edx], bl 
 0000074F  42					inc edx
 00000750				SAIR:
					ret
 00000750  5A		   *	    pop    edx
 00000751  5B		   *	    pop    ebx
 00000752  59		   *	    pop    ecx
 00000753  C3		   *	    ret    00000h
 00000754			ShiftLeftVetorPosicao ENDP
				;====================================================================

				;========================Reset ======================================
				;Recebe: CtrlObs1, CtrlObs2, contadores de tempo, e Pontos
				;Retorna: CtrlObs1 = 0 e CtrlObs2 = 0, todos os contadores = 0, Pontos = 0
				;PosObs1 = 0, PosObs2 = 0
				;====================================================================
 00000754			Reset PROC
 00000754  C6 05 00000024 R		mov CtrlObs1, 0
	   00
 0000075B  C6 05 00000025 R		mov CtrlObs2, 0
	   00
 00000762  C7 05 00000000 R		mov contadorTempo, 0
	   00000000
 0000076C  C7 05 00000004 R		mov contadorObstaculo, 0
	   00000000
 00000776  C7 05 00000008 R		mov contadorPulo, 0
	   00000000
 00000780  C7 05 0000000C R		mov contadorAgacha, 0
	   00000000
 0000078A  C6 05 00000016 R		mov PosObs1, 0
	   00
 00000791  C6 05 0000001D R		mov PosObs2, 0
	   00
 00000798  C7 05 00000041 R		mov Pontos, 0
	   00000000
 000007A2  C3				ret
 000007A3			Reset ENDP
				;====================================================================
				;============================Perdeu==================================
				;Recebe: Pontos, Recorde
				;Retorna: tela de game over
				;====================================================================
 000007A3			Perdeu PROC
 000007A3  E8 00000000 E		call Clrscr
 000007A8  B8 00000004			mov eax, red
 000007AD  E8 00000000 E		call SetTextColor
 000007B2  B2 01			mov dl, 1
 000007B4  B6 0A			mov dh, 10
 000007B6  E8 00000000 E		call GotoXY
 000007BB  BA 000005AB R		mov edx, OFFSET gameover
 000007C0  E8 00000000 E		call WriteString
 000007C5  B8 0000000F			mov eax, white
 000007CA  E8 00000000 E		call SetTextColor

 000007CF  B2 01			mov dl, 1
 000007D1  B6 16			mov dh, 22
 000007D3  E8 00000000 E		call GotoXY
 000007D8  BA 0000079D R		mov edx, OFFSET menuFinal
 000007DD  E8 00000000 E		call WriteString
 000007E2  B8 00000004			mov eax, red
 000007E7  E8 00000000 E		call SetTextColor
 000007EC  E8 FFFFF84A			call Moldura

					;RESULTADO FINAL
 000007F1  B8 0000000F			mov eax, white
 000007F6  E8 00000000 E		call SetTextColor
 000007FB  B2 2D			mov dl, 45
 000007FD  B6 12			mov dh, 18
 000007FF  E8 00000000 E		call GotoXY
 00000804  A1 00000041 R		mov eax, Pontos
					.IF eax > Recorde
 00000809  3B 05 00000045 R *	    cmp    eax, Recorde
 0000080F  76 1D	   *	    jbe    @C0025
 00000811  BA 00000032 R			mov edx, OFFSET NovoRecorde
 00000816  E8 00000000 E			call WriteString
 0000081B  E8 FFFFFF34				call Reset
 00000820  E8 00000000 E			call WriteDec
 00000825  A3 00000045 R			mov Recorde, eax
 0000082A  EB 13				jmp ESPERANDO_TECLA
					.ELSE
 0000082C  EB 11	   *	    jmp    @C0027
 0000082E		   *@C0025:
 0000082E  BA 00000026 R			mov edx, OFFSET Score
 00000833  E8 00000000 E			call WriteString
 00000838  E8 00000000 E			call WriteDec
 0000083D  EB 00				jmp ESPERANDO_TECLA
					.ENDIF
 0000083F		   *@C0027:

 0000083F				ESPERANDO_TECLA:
 0000083F  B8 00000032				mov  eax,50          ; sleep, to allow OS to time slice
 00000844  E8 00000000 E			call Delay           ; (otherwise, some key presses are lost)
 00000849  E8 00000000 E			call ReadKey         ; look for keyboard input 

						.IF al == "1"
 0000084E  3C 31	   *	    cmp    al, '1'
 00000850  75 04	   *	    jne    @C0028
 00000852  EB 0F					jmp MENU_
						.ELSEIF al == VK_ESCAPE
 00000854  EB 0B	   *	    jmp    @C002A
 00000856		   *@C0028:
 00000856  3C 1B	   *	    cmp    al, VK_ESCAPE
 00000858  75 07	   *	    jne    @C002B
							exit
 0000085A  6A 00	   *	    push   +000000000h
 0000085C  E8 00000000 E   *	    call   ExitProcess
						.ENDIF
 00000861		   *@C002B:
 00000861		   *@C002A:
 00000861  EB DC			jmp   ESPERANDO_TECLA    ; nenhuma tecla válida pressionada, tenta novamente
					
 00000863				MENU_:
 00000863  E8 FFFFFEEC			call Reset
 00000868  C3				ret
 00000869			Perdeu ENDP
				;====================================================================

 00000869			main PROC
 00000869				MENU_:
 00000869  E8 00000000 E		call Clrscr
					;Desenha menu
 0000086E  E8 FFFFF78D			call DesenhaMenu  
 00000873  B8 00000004			mov eax, red     ;cor da moldura
 00000878  E8 FFFFF7BE			call Moldura

					;Esperando tecla ser pressionada
 0000087D				ESPERANDO_TECLA:
 0000087D  B8 00000032				mov  eax,50          ; sleep, to allow OS to time slice
 00000882  E8 00000000 E			call Delay           ; (otherwise, some key presses are lost)
 00000887  E8 00000000 E			call ReadKey         ; look for keyboard input 

					.IF al == "1"			 ;JOGO FÁCIL
 0000088C  3C 31	   *	    cmp    al, '1'
 0000088E  75 15	   *	    jne    @C002D
 00000890  C6 05 00000015 R			mov dificuldade, FACIL	;setando dificuldade
	   32
 00000897  E8 FFFFFB52				call Jogo
 0000089C  E8 FFFFFF02				call Perdeu
 000008A1  EB C6				jmp MENU_
					.ELSEIF al == "2"	;JOGO DIFICIL
 000008A3  EB 24	   *	    jmp    @C002F
 000008A5		   *@C002D:
 000008A5  3C 32	   *	    cmp    al, '2'
 000008A7  75 15	   *	    jne    @C0030
 000008A9  C6 05 00000015 R			mov dificuldade, DIFICIL
	   14
 000008B0  E8 FFFFFB39				call Jogo
 000008B5  E8 FFFFFEE9				call Perdeu
 000008BA  EB AD				jmp MENU_
					.ELSEIF al == VK_ESCAPE	;sair
 000008BC  EB 0B	   *	    jmp    @C0032
 000008BE		   *@C0030:
 000008BE  3C 1B	   *	    cmp    al, VK_ESCAPE
 000008C0  75 07	   *	    jne    @C0033
						exit
 000008C2  6A 00	   *	    push   +000000000h
 000008C4  E8 00000000 E   *	    call   ExitProcess
					.ENDIF
 000008C9		   *@C0033:
 000008C9		   *@C0032:
 000008C9		   *@C002F:
					
 000008C9  EB B2			jmp   ESPERANDO_TECLA    ; nenhuma tecla válida pressionada, tenta novamente
 000008CB				SAIR:
 000008CB  B6 28				mov dh, 40
 000008CD  E8 00000000 E			call GotoXY
					exit
 000008D2  6A 00	   *	    push   +000000000h
 000008D4  E8 00000000 E   *	    call   ExitProcess
 000008D9			main ENDP
				END main
Microsoft (R) Macro Assembler Version 14.16.27030.1	    06/16/19 01:18:26
jogo.asm						     Symbols 2 - 1




Structures and Unions:

                N a m e                  Size
                                         Offset      Type

CONSOLE_CURSOR_INFO  . . . . . .	 00000008
  dwSize . . . . . . . . . . . .	 00000000	 DWord
  bVisible . . . . . . . . . . .	 00000004	 DWord
CONSOLE_SCREEN_BUFFER_INFO . . .	 00000016
  dwSize . . . . . . . . . . . .	 00000000	 DWord
  dwCursorPosition . . . . . . .	 00000004	 DWord
  wAttributes  . . . . . . . . .	 00000008	 Word
  srWindow . . . . . . . . . . .	 0000000A	 QWord
  dwMaximumWindowSize  . . . . .	 00000012	 DWord
COORD  . . . . . . . . . . . . .	 00000004
  X  . . . . . . . . . . . . . .	 00000000	 Word
  Y  . . . . . . . . . . . . . .	 00000002	 Word
FILETIME . . . . . . . . . . . .	 00000008
  loDateTime . . . . . . . . . .	 00000000	 DWord
  hiDateTime . . . . . . . . . .	 00000004	 DWord
FOCUS_EVENT_RECORD . . . . . . .	 00000004
  bSetFocus  . . . . . . . . . .	 00000000	 DWord
FPU_ENVIRON  . . . . . . . . . .	 0000001C
  controlWord  . . . . . . . . .	 00000000	 Word
  statusWord . . . . . . . . . .	 00000004	 Word
  tagWord  . . . . . . . . . . .	 00000008	 Word
  instrPointerOffset . . . . . .	 0000000C	 DWord
  instrPointerSelector . . . . .	 00000010	 DWord
  operandPointerOffset . . . . .	 00000014	 DWord
  operandPointerSelector . . . .	 00000018	 Word
INPUT_RECORD . . . . . . . . . .	 00000014
  EventType  . . . . . . . . . .	 00000000	 Word
  Event  . . . . . . . . . . . .	 00000004	 XmmWord
  bKeyDown . . . . . . . . . . .	 00000000	 DWord
  wRepeatCount . . . . . . . . .	 00000004	 Word
  wVirtualKeyCode  . . . . . . .	 00000006	 Word
  wVirtualScanCode . . . . . . .	 00000008	 Word
  uChar  . . . . . . . . . . . .	 0000000A	 Word
  UnicodeChar  . . . . . . . . .	 00000000	 Word
  AsciiChar  . . . . . . . . . .	 00000000	 Byte
  dwControlKeyState  . . . . . .	 0000000C	 DWord
  dwMousePosition  . . . . . . .	 00000000	 DWord
  dwButtonState  . . . . . . . .	 00000004	 DWord
  dwMouseControlKeyState . . . .	 00000008	 DWord
  dwEventFlags . . . . . . . . .	 0000000C	 DWord
  dwSize . . . . . . . . . . . .	 00000000	 DWord
  dwCommandId  . . . . . . . . .	 00000000	 DWord
  bSetFocus  . . . . . . . . . .	 00000000	 DWord
KEY_EVENT_RECORD . . . . . . . .	 00000010
  bKeyDown . . . . . . . . . . .	 00000000	 DWord
  wRepeatCount . . . . . . . . .	 00000004	 Word
  wVirtualKeyCode  . . . . . . .	 00000006	 Word
  wVirtualScanCode . . . . . . .	 00000008	 Word
  uChar  . . . . . . . . . . . .	 0000000A	 Word
  UnicodeChar  . . . . . . . . .	 00000000	 Word
  AsciiChar  . . . . . . . . . .	 00000000	 Byte
  dwControlKeyState  . . . . . .	 0000000C	 DWord
MENU_EVENT_RECORD  . . . . . . .	 00000004
  dwCommandId  . . . . . . . . .	 00000000	 DWord
MOUSE_EVENT_RECORD . . . . . . .	 00000010
  dwMousePosition  . . . . . . .	 00000000	 DWord
  dwButtonState  . . . . . . . .	 00000004	 DWord
  dwMouseControlKeyState . . . .	 00000008	 DWord
  dwEventFlags . . . . . . . . .	 0000000C	 DWord
SMALL_RECT . . . . . . . . . . .	 00000008
  Left . . . . . . . . . . . . .	 00000000	 Word
  Top  . . . . . . . . . . . . .	 00000002	 Word
  Right  . . . . . . . . . . . .	 00000004	 Word
  Bottom . . . . . . . . . . . .	 00000006	 Word
SYSTEMTIME . . . . . . . . . . .	 00000010
  wYear  . . . . . . . . . . . .	 00000000	 Word
  wMonth . . . . . . . . . . . .	 00000002	 Word
  wDayOfWeek . . . . . . . . . .	 00000004	 Word
  wDay . . . . . . . . . . . . .	 00000006	 Word
  wHour  . . . . . . . . . . . .	 00000008	 Word
  wMinute  . . . . . . . . . . .	 0000000A	 Word
  wSecond  . . . . . . . . . . .	 0000000C	 Word
  wMilliseconds  . . . . . . . .	 0000000E	 Word
WINDOW_BUFFER_SIZE_RECORD  . . .	 00000004
  dwSize . . . . . . . . . . . .	 00000000	 DWord


Segments and Groups:

                N a m e                 Size     Length   Align   Combine Class

FLAT . . . . . . . . . . . . . .	GROUP
STACK  . . . . . . . . . . . . .	32 Bit	 00001000 Para	  Stack	  'STACK'	 
_DATA  . . . . . . . . . . . . .	32 Bit	 00000824 Para	  Public  'DATA'	
_TEXT  . . . . . . . . . . . . .	32 Bit	 000008D9 Para	  Public  'CODE'	


Procedures, parameters, and locals:

                N a m e                 Type     Value    Attr

AtualizaObstaculos . . . . . . .	P Near	 0000063E _TEXT	Length= 000000F6 Public STDCALL
  PERCORRE1  . . . . . . . . . .	L Near	 0000064F _TEXT	
  INCREMENTA1  . . . . . . . . .	L Near	 000006B8 _TEXT	
  TIPO2  . . . . . . . . . . . .	L Near	 000006BB _TEXT	
  PERCORRE2  . . . . . . . . . .	L Near	 000006C6 _TEXT	
  INCREMENTA2  . . . . . . . . .	L Near	 0000072F _TEXT	
  SAIR . . . . . . . . . . . . .	L Near	 00000732 _TEXT	
CloseFile  . . . . . . . . . . .	P Near	 00000000 FLAT	Length= 00000000 External STDCALL
CloseHandle  . . . . . . . . . .	P Near	 00000000 FLAT	Length= 00000000 External STDCALL
Clrscr . . . . . . . . . . . . .	P Near	 00000000 FLAT	Length= 00000000 External STDCALL
CreateFileA  . . . . . . . . . .	P Near	 00000000 FLAT	Length= 00000000 External STDCALL
CreateOutputFile . . . . . . . .	P Near	 00000000 FLAT	Length= 00000000 External STDCALL
CriaObstaculo  . . . . . . . . .	P Near	 00000390 _TEXT	Length= 0000005E Public STDCALL
  FIM  . . . . . . . . . . . . .	L Near	 000003ED _TEXT	
Crlf . . . . . . . . . . . . . .	P Near	 00000000 FLAT	Length= 00000000 External STDCALL
Delay  . . . . . . . . . . . . .	P Near	 00000000 FLAT	Length= 00000000 External STDCALL
DeletaDesenho  . . . . . . . . .	P Near	 00000212 _TEXT	Length= 0000003A Public STDCALL
  LINHA  . . . . . . . . . . . .	L Near	 0000022F _TEXT	
  COLUNA . . . . . . . . . . . .	L Near	 00000237 _TEXT	
DesenhaCeu . . . . . . . . . . .	P Near	 00000307 _TEXT	Length= 0000003B Public STDCALL
DesenhaGansoAgachado . . . . . .	P Near	 00000167 _TEXT	Length= 000000AB Public STDCALL
DesenhaGansoEmPE . . . . . . . .	P Near	 00000097 _TEXT	Length= 000000D0 Public STDCALL
DesenhaMenu  . . . . . . . . . .	P Near	 00000000 _TEXT	Length= 0000003B Public STDCALL
DesenhaObstaculo1  . . . . . . .	P Near	 0000024C _TEXT	Length= 00000055 Public STDCALL
  CIMA . . . . . . . . . . . . .	L Near	 00000266 _TEXT	
  LADOS  . . . . . . . . . . . .	L Near	 00000281 _TEXT	
DesenhaObstaculo2  . . . . . . .	P Near	 000002A1 _TEXT	Length= 00000066 Public STDCALL
  L1 . . . . . . . . . . . . . .	L Near	 000002E6 _TEXT	
DumpMem  . . . . . . . . . . . .	P Near	 00000000 FLAT	Length= 00000000 External STDCALL
DumpRegs . . . . . . . . . . . .	P Near	 00000000 FLAT	Length= 00000000 External STDCALL
ExitProcess  . . . . . . . . . .	P Near	 00000000 FLAT	Length= 00000000 External STDCALL
FileTimeToDosDateTime  . . . . .	P Near	 00000000 FLAT	Length= 00000000 External STDCALL
FileTimeToSystemTime . . . . . .	P Near	 00000000 FLAT	Length= 00000000 External STDCALL
FlushConsoleInputBuffer  . . . .	P Near	 00000000 FLAT	Length= 00000000 External STDCALL
FormatMessageA . . . . . . . . .	P Near	 00000000 FLAT	Length= 00000000 External STDCALL
GetCommandLineA  . . . . . . . .	P Near	 00000000 FLAT	Length= 00000000 External STDCALL
GetCommandTail . . . . . . . . .	P Near	 00000000 FLAT	Length= 00000000 External STDCALL
GetConsoleCP . . . . . . . . . .	P Near	 00000000 FLAT	Length= 00000000 External STDCALL
GetConsoleCursorInfo . . . . . .	P Near	 00000000 FLAT	Length= 00000000 External STDCALL
GetConsoleMode . . . . . . . . .	P Near	 00000000 FLAT	Length= 00000000 External STDCALL
GetConsoleScreenBufferInfo . . .	P Near	 00000000 FLAT	Length= 00000000 External STDCALL
GetDateTime  . . . . . . . . . .	P Near	 00000000 FLAT	Length= 00000000 External STDCALL
GetFileTime  . . . . . . . . . .	P Near	 00000000 FLAT	Length= 00000000 External STDCALL
GetKeyState  . . . . . . . . . .	P Near	 00000000 FLAT	Length= 00000000 External STDCALL
GetLastError . . . . . . . . . .	P Near	 00000000 FLAT	Length= 00000000 External STDCALL
GetLocalTime . . . . . . . . . .	P Near	 00000000 FLAT	Length= 00000000 External STDCALL
GetMaxXY . . . . . . . . . . . .	P Near	 00000000 FLAT	Length= 00000000 External STDCALL
GetMseconds  . . . . . . . . . .	P Near	 00000000 FLAT	Length= 00000000 External STDCALL
GetNumberOfConsoleInputEvents  .	P Near	 00000000 FLAT	Length= 00000000 External STDCALL
GetProcessHeap . . . . . . . . .	P Near	 00000000 FLAT	Length= 00000000 External STDCALL
GetStdHandle . . . . . . . . . .	P Near	 00000000 FLAT	Length= 00000000 External STDCALL
GetSystemTime  . . . . . . . . .	P Near	 00000000 FLAT	Length= 00000000 External STDCALL
GetTextColor . . . . . . . . . .	P Near	 00000000 FLAT	Length= 00000000 External STDCALL
GetTickCount . . . . . . . . . .	P Near	 00000000 FLAT	Length= 00000000 External STDCALL
Gotoxy . . . . . . . . . . . . .	P Near	 00000000 FLAT	Length= 00000000 External STDCALL
HeapAlloc  . . . . . . . . . . .	P Near	 00000000 FLAT	Length= 00000000 External STDCALL
HeapCreate . . . . . . . . . . .	P Near	 00000000 FLAT	Length= 00000000 External STDCALL
HeapDestroy  . . . . . . . . . .	P Near	 00000000 FLAT	Length= 00000000 External STDCALL
HeapFree . . . . . . . . . . . .	P Near	 00000000 FLAT	Length= 00000000 External STDCALL
HeapSize . . . . . . . . . . . .	P Near	 00000000 FLAT	Length= 00000000 External STDCALL
InicializaJogo . . . . . . . . .	P Near	 00000342 _TEXT	Length= 00000026 Public STDCALL
IsDigit  . . . . . . . . . . . .	P Near	 00000000 FLAT	Length= 00000000 External STDCALL
Jogo . . . . . . . . . . . . . .	P Near	 000003EE _TEXT	Length= 00000250 Public STDCALL
  JOGO_LOOP  . . . . . . . . . .	L Near	 000003F3 _TEXT	
  NPULANDO . . . . . . . . . . .	L Near	 0000049A _TEXT	
  AGACHADO_  . . . . . . . . . .	L Near	 000004B3 _TEXT	
  DELETA_  . . . . . . . . . . .	L Near	 000004C1 _TEXT	
  DELAY_MOVIMENTO  . . . . . . .	L Near	 000004F6 _TEXT	
  DELAY_MOVIMENTO2 . . . . . . .	L Near	 0000054B _TEXT	
  ATUALIZA_OBSTACULOS  . . . . .	L Near	 000005A0 _TEXT	
  TESTA_COLISAO  . . . . . . . .	L Near	 000005C5 _TEXT	
  PERDEU_  . . . . . . . . . . .	L Near	 0000063D _TEXT	
LocalFree  . . . . . . . . . . .	P Near	 00000000 FLAT	Length= 00000000 External STDCALL
MessageBoxA  . . . . . . . . . .	P Near	 00000000 FLAT	Length= 00000000 External STDCALL
Moldura  . . . . . . . . . . . .	P Near	 0000003B _TEXT	Length= 0000005C Public STDCALL
  INFERIOR . . . . . . . . . . .	L Near	 0000004F _TEXT	
  HORIZONTAL . . . . . . . . . .	L Near	 00000058 _TEXT	
  VERTICAL . . . . . . . . . . .	L Near	 00000076 _TEXT	
MsgBoxAsk  . . . . . . . . . . .	P Near	 00000000 FLAT	Length= 00000000 External STDCALL
MsgBox . . . . . . . . . . . . .	P Near	 00000000 FLAT	Length= 00000000 External STDCALL
OpenInputFile  . . . . . . . . .	P Near	 00000000 FLAT	Length= 00000000 External STDCALL
ParseDecimal32 . . . . . . . . .	P Near	 00000000 FLAT	Length= 00000000 External STDCALL
ParseInteger32 . . . . . . . . .	P Near	 00000000 FLAT	Length= 00000000 External STDCALL
PeekConsoleInputA  . . . . . . .	P Near	 00000000 FLAT	Length= 00000000 External STDCALL
Perdeu . . . . . . . . . . . . .	P Near	 000007A3 _TEXT	Length= 000000C6 Public STDCALL
  ESPERANDO_TECLA  . . . . . . .	L Near	 0000083F _TEXT	
  MENU_  . . . . . . . . . . . .	L Near	 00000863 _TEXT	
Pontuacao  . . . . . . . . . . .	P Near	 00000368 _TEXT	Length= 00000028 Public STDCALL
Random32 . . . . . . . . . . . .	P Near	 00000000 FLAT	Length= 00000000 External STDCALL
RandomRange  . . . . . . . . . .	P Near	 00000000 FLAT	Length= 00000000 External STDCALL
Randomize  . . . . . . . . . . .	P Near	 00000000 FLAT	Length= 00000000 External STDCALL
ReadChar . . . . . . . . . . . .	P Near	 00000000 FLAT	Length= 00000000 External STDCALL
ReadConsoleA . . . . . . . . . .	P Near	 00000000 FLAT	Length= 00000000 External STDCALL
ReadConsoleInputA  . . . . . . .	P Near	 00000000 FLAT	Length= 00000000 External STDCALL
ReadDec  . . . . . . . . . . . .	P Near	 00000000 FLAT	Length= 00000000 External STDCALL
ReadFile . . . . . . . . . . . .	P Near	 00000000 FLAT	Length= 00000000 External STDCALL
ReadFloat  . . . . . . . . . . .	P Near	 00000000 FLAT	Length= 00000000 External STDCALL
ReadFromFile . . . . . . . . . .	P Near	 00000000 FLAT	Length= 00000000 External STDCALL
ReadHex  . . . . . . . . . . . .	P Near	 00000000 FLAT	Length= 00000000 External STDCALL
ReadInt  . . . . . . . . . . . .	P Near	 00000000 FLAT	Length= 00000000 External STDCALL
ReadKeyFlush . . . . . . . . . .	P Near	 00000000 FLAT	Length= 00000000 External STDCALL
ReadKey  . . . . . . . . . . . .	P Near	 00000000 FLAT	Length= 00000000 External STDCALL
ReadString . . . . . . . . . . .	P Near	 00000000 FLAT	Length= 00000000 External STDCALL
Reset  . . . . . . . . . . . . .	P Near	 00000754 _TEXT	Length= 0000004F Public STDCALL
SetConsoleCursorInfo . . . . . .	P Near	 00000000 FLAT	Length= 00000000 External STDCALL
SetConsoleCursorPosition . . . .	P Near	 00000000 FLAT	Length= 00000000 External STDCALL
SetConsoleMode . . . . . . . . .	P Near	 00000000 FLAT	Length= 00000000 External STDCALL
SetConsoleScreenBufferSize . . .	P Near	 00000000 FLAT	Length= 00000000 External STDCALL
SetConsoleTextAttribute  . . . .	P Near	 00000000 FLAT	Length= 00000000 External STDCALL
SetConsoleTitleA . . . . . . . .	P Near	 00000000 FLAT	Length= 00000000 External STDCALL
SetConsoleWindowInfo . . . . . .	P Near	 00000000 FLAT	Length= 00000000 External STDCALL
SetFilePointer . . . . . . . . .	P Near	 00000000 FLAT	Length= 00000000 External STDCALL
SetLocalTime . . . . . . . . . .	P Near	 00000000 FLAT	Length= 00000000 External STDCALL
SetTextColor . . . . . . . . . .	P Near	 00000000 FLAT	Length= 00000000 External STDCALL
ShiftLeftVetorPosicao  . . . . .	P Near	 00000734 _TEXT	Length= 00000020 Public STDCALL
  PERCORRE . . . . . . . . . . .	L Near	 0000073E _TEXT	
  EXCEPTION_ . . . . . . . . . .	L Near	 00000749 _TEXT	
  SAIR . . . . . . . . . . . . .	L Near	 00000750 _TEXT	
ShowFPUStack . . . . . . . . . .	P Near	 00000000 FLAT	Length= 00000000 External STDCALL
Sleep  . . . . . . . . . . . . .	P Near	 00000000 FLAT	Length= 00000000 External STDCALL
StrLength  . . . . . . . . . . .	P Near	 00000000 FLAT	Length= 00000000 External STDCALL
Str_compare  . . . . . . . . . .	P Near	 00000000 FLAT	Length= 00000000 External STDCALL
Str_copy . . . . . . . . . . . .	P Near	 00000000 FLAT	Length= 00000000 External STDCALL
Str_length . . . . . . . . . . .	P Near	 00000000 FLAT	Length= 00000000 External STDCALL
Str_trim . . . . . . . . . . . .	P Near	 00000000 FLAT	Length= 00000000 External STDCALL
Str_ucase  . . . . . . . . . . .	P Near	 00000000 FLAT	Length= 00000000 External STDCALL
SystemTimeToFileTime . . . . . .	P Near	 00000000 FLAT	Length= 00000000 External STDCALL
WaitMsg  . . . . . . . . . . . .	P Near	 00000000 FLAT	Length= 00000000 External STDCALL
WriteBinB  . . . . . . . . . . .	P Near	 00000000 FLAT	Length= 00000000 External STDCALL
WriteBin . . . . . . . . . . . .	P Near	 00000000 FLAT	Length= 00000000 External STDCALL
WriteChar  . . . . . . . . . . .	P Near	 00000000 FLAT	Length= 00000000 External STDCALL
WriteConsoleA  . . . . . . . . .	P Near	 00000000 FLAT	Length= 00000000 External STDCALL
WriteConsoleOutputAttribute  . .	P Near	 00000000 FLAT	Length= 00000000 External STDCALL
WriteConsoleOutputCharacterA . .	P Near	 00000000 FLAT	Length= 00000000 External STDCALL
WriteDec . . . . . . . . . . . .	P Near	 00000000 FLAT	Length= 00000000 External STDCALL
WriteFile  . . . . . . . . . . .	P Near	 00000000 FLAT	Length= 00000000 External STDCALL
WriteFloat . . . . . . . . . . .	P Near	 00000000 FLAT	Length= 00000000 External STDCALL
WriteHexB  . . . . . . . . . . .	P Near	 00000000 FLAT	Length= 00000000 External STDCALL
WriteHex . . . . . . . . . . . .	P Near	 00000000 FLAT	Length= 00000000 External STDCALL
WriteInt . . . . . . . . . . . .	P Near	 00000000 FLAT	Length= 00000000 External STDCALL
WriteStackFrameName  . . . . . .	P Near	 00000000 FLAT	Length= 00000000 External STDCALL
WriteStackFrame  . . . . . . . .	P Near	 00000000 FLAT	Length= 00000000 External STDCALL
WriteString  . . . . . . . . . .	P Near	 00000000 FLAT	Length= 00000000 External STDCALL
WriteToFile  . . . . . . . . . .	P Near	 00000000 FLAT	Length= 00000000 External STDCALL
WriteWindowsMsg  . . . . . . . .	P Near	 00000000 FLAT	Length= 00000000 External STDCALL
main . . . . . . . . . . . . . .	P Near	 00000869 _TEXT	Length= 00000070 Public STDCALL
  MENU_  . . . . . . . . . . . .	L Near	 00000869 _TEXT	
  ESPERANDO_TECLA  . . . . . . .	L Near	 0000087D _TEXT	
  SAIR . . . . . . . . . . . . .	L Near	 000008CB _TEXT	
printf . . . . . . . . . . . . .	P Near	 00000000 FLAT	Length= 00000000 External C
scanf  . . . . . . . . . . . . .	P Near	 00000000 FLAT	Length= 00000000 External C
wsprintfA  . . . . . . . . . . .	P Near	 00000000 FLAT	Length= 00000000 External C


Symbols:

                N a m e                 Type     Value    Attr

@CodeSize  . . . . . . . . . . .	Number	 00000000h   
@DataSize  . . . . . . . . . . .	Number	 00000000h   
@Interface . . . . . . . . . . .	Number	 00000003h   
@Model . . . . . . . . . . . . .	Number	 00000007h   
@code  . . . . . . . . . . . . .	Text   	 _TEXT
@data  . . . . . . . . . . . . .	Text   	 FLAT
@fardata?  . . . . . . . . . . .	Text   	 FLAT
@fardata . . . . . . . . . . . .	Text   	 FLAT
@stack . . . . . . . . . . . . .	Text   	 FLAT
ALTURA_GANSO_AGACHADO  . . . . .	Number	 00000007h   
ALTURA_GANSO . . . . . . . . . .	Number	 00000009h   
ALTURA_OBJ1  . . . . . . . . . .	Number	 00000003h   
ALTURA_OBJ2  . . . . . . . . . .	Number	 00000003h   
ALTURA . . . . . . . . . . . . .	Number	 0000001Dh   
ALT_MASK . . . . . . . . . . . .	Number	 00000003h   
CAPSLOCK_ON  . . . . . . . . . .	Number	 00000080h   
CREATE_ALWAYS  . . . . . . . . .	Number	 00000002h   
CREATE_NEW . . . . . . . . . . .	Number	 00000001h   
CTRL_MASK  . . . . . . . . . . .	Number	 0000000Ch   
CreateFile . . . . . . . . . . .	Text   	 CreateFileA
CtrlObs1 . . . . . . . . . . . .	Byte	 00000024 _DATA	
CtrlObs2 . . . . . . . . . . . .	Byte	 00000025 _DATA	
DIFICIL  . . . . . . . . . . . .	Number	 00000014h   
DO_NOT_SHARE . . . . . . . . . .	Number	 00000000h   
ENABLE_ECHO_INPUT  . . . . . . .	Number	 00000004h   
ENABLE_LINE_INPUT  . . . . . . .	Number	 00000002h   
ENABLE_MOUSE_INPUT . . . . . . .	Number	 00000010h   
ENABLE_PROCESSED_INPUT . . . . .	Number	 00000001h   
ENABLE_PROCESSED_OUTPUT  . . . .	Number	 00000001h   
ENABLE_WINDOW_INPUT  . . . . . .	Number	 00000008h   
ENABLE_WRAP_AT_EOL_OUTPUT  . . .	Number	 00000002h   
ENHANCED_KEY . . . . . . . . . .	Number	 00000100h   
FACIL  . . . . . . . . . . . . .	Number	 00000032h   
FALSE  . . . . . . . . . . . . .	Number	 00000000h   
FILE_APPEND_DATA . . . . . . . .	Number	 00000004h   
FILE_ATTRIBUTE_ARCHIVE . . . . .	Number	 00000020h   
FILE_ATTRIBUTE_COMPRESSED  . . .	Number	 00000800h   
FILE_ATTRIBUTE_DEVICE  . . . . .	Number	 00000040h   
FILE_ATTRIBUTE_DIRECTORY . . . .	Number	 00000010h   
FILE_ATTRIBUTE_ENCRYPTED . . . .	Number	 00004000h   
FILE_ATTRIBUTE_HIDDEN  . . . . .	Number	 00000002h   
FILE_ATTRIBUTE_NORMAL  . . . . .	Number	 00000080h   
FILE_ATTRIBUTE_NOT_CONTENT_INDEXED .	Number	 00002000h   
FILE_ATTRIBUTE_OFFLINE . . . . .	Number	 00001000h   
FILE_ATTRIBUTE_READONLY  . . . .	Number	 00000001h   
FILE_ATTRIBUTE_REPARSE_POINT . .	Number	 00000400h   
FILE_ATTRIBUTE_SPARSE_FILE . . .	Number	 00000200h   
FILE_ATTRIBUTE_SYSTEM  . . . . .	Number	 00000004h   
FILE_ATTRIBUTE_TEMPORARY . . . .	Number	 00000100h   
FILE_BEGIN . . . . . . . . . . .	Number	 00000000h   
FILE_CURRENT . . . . . . . . . .	Number	 00000001h   
FILE_DELETE_CHILD  . . . . . . .	Number	 00000040h   
FILE_END . . . . . . . . . . . .	Number	 00000002h   
FILE_READ_DATA . . . . . . . . .	Number	 00000001h   
FILE_SHARE_DELETE  . . . . . . .	Number	 00000004h   
FILE_SHARE_READ  . . . . . . . .	Number	 00000001h   
FILE_SHARE_WRITE . . . . . . . .	Number	 00000002h   
FILE_WRITE_DATA  . . . . . . . .	Number	 00000002h   
FINAL_DIREITA  . . . . . . . . .	Number	 00000064h   
FINAL_ESQUERDA . . . . . . . . .	Number	 00000003h   
FOCUS_EVENT  . . . . . . . . . .	Number	 00000010h   
FORMAT_MESSAGE_ALLOCATE_BUFFER .	Number	 00000100h   
FORMAT_MESSAGE_FROM_SYSTEM . . .	Number	 00001000h   
FormatMessage  . . . . . . . . .	Text   	 FormatMessageA
GENERIC_ALL  . . . . . . . . . .	Number	 10000000h   
GENERIC_EXECUTE  . . . . . . . .	Number	 20000000h   
GENERIC_READ . . . . . . . . . .	Number	 -80000000h   
GENERIC_WRITE  . . . . . . . . .	Number	 40000000h   
GetCommandLine . . . . . . . . .	Text   	 GetCommandLineA
HANDLE . . . . . . . . . . . . .	Text   	 DWORD
HEAP_GENERATE_EXCEPTIONS . . . .	Number	 00000004h   
HEAP_GROWABLE  . . . . . . . . .	Number	 00000002h   
HEAP_NO_SERIALIZE  . . . . . . .	Number	 00000001h   
HEAP_REALLOC_IN_PLACE_ONLY . . .	Number	 00000010h   
HEAP_ZERO_MEMORY . . . . . . . .	Number	 00000008h   
IDABORT  . . . . . . . . . . . .	Number	 00000003h   
IDCANCEL . . . . . . . . . . . .	Number	 00000002h   
IDCLOSE  . . . . . . . . . . . .	Number	 00000008h   
IDCONTINUE . . . . . . . . . . .	Number	 0000000Bh   
IDHELP . . . . . . . . . . . . .	Number	 00000009h   
IDIGNORE . . . . . . . . . . . .	Number	 00000005h   
IDNO . . . . . . . . . . . . . .	Number	 00000007h   
IDOK . . . . . . . . . . . . . .	Number	 00000001h   
IDRETRY  . . . . . . . . . . . .	Number	 00000004h   
IDTIMEOUT  . . . . . . . . . . .	Number	 00007D00h   
IDTRYAGAIN . . . . . . . . . . .	Number	 0000000Ah   
IDYES  . . . . . . . . . . . . .	Number	 00000006h   
INVALID_HANDLE_VALUE . . . . . .	Number	 -00000001h   
KBDOWN_FLAG  . . . . . . . . . .	Number	 00000001h   
KEY_EVENT  . . . . . . . . . . .	Number	 00000001h   
KEY_MASKS  . . . . . . . . . . .	Number	 0000001Fh   
LARGURA_GANSO  . . . . . . . . .	Number	 0000000Ch   
LARGURA_OBJ1 . . . . . . . . . .	Number	 00000005h   
LARGURA_OBJ2 . . . . . . . . . .	Number	 00000005h   
LARGURA  . . . . . . . . . . . .	Number	 00000069h   
LEFT_ALT_PRESSED . . . . . . . .	Number	 00000002h   
LEFT_CTRL_PRESSED  . . . . . . .	Number	 00000008h   
MB_ABORTRETRYIGNORE  . . . . . .	Number	 00000002h   
MB_APPLMODAL . . . . . . . . . .	Number	 00000000h   
MB_CANCELTRYCONTINUE . . . . . .	Number	 00000006h   
MB_DEFBUTTON1  . . . . . . . . .	Number	 00000000h   
MB_DEFBUTTON2  . . . . . . . . .	Number	 00000100h   
MB_DEFBUTTON3  . . . . . . . . .	Number	 00000200h   
MB_DEFBUTTON4  . . . . . . . . .	Number	 00000300h   
MB_HELP  . . . . . . . . . . . .	Number	 00004000h   
MB_ICONASTERISK  . . . . . . . .	Number	 00000040h   
MB_ICONERROR . . . . . . . . . .	Number	 00000010h   
MB_ICONEXCLAMATION . . . . . . .	Number	 00000030h   
MB_ICONHAND  . . . . . . . . . .	Number	 00000010h   
MB_ICONINFORMATION . . . . . . .	Number	 00000040h   
MB_ICONQUESTION  . . . . . . . .	Number	 00000020h   
MB_ICONSTOP  . . . . . . . . . .	Number	 00000010h   
MB_ICONWARNING . . . . . . . . .	Number	 00000030h   
MB_OKCANCEL  . . . . . . . . . .	Number	 00000001h   
MB_OK  . . . . . . . . . . . . .	Number	 00000000h   
MB_RETRYCANCEL . . . . . . . . .	Number	 00000005h   
MB_SYSTEMMODAL . . . . . . . . .	Number	 00001000h   
MB_TASKMODAL . . . . . . . . . .	Number	 00002000h   
MB_USERICON  . . . . . . . . . .	Number	 00000080h   
MB_YESNOCANCEL . . . . . . . . .	Number	 00000003h   
MB_YESNO . . . . . . . . . . . .	Number	 00000004h   
MENU_EVENT . . . . . . . . . . .	Number	 00000008h   
MOUSE_EVENT  . . . . . . . . . .	Number	 00000002h   
MessageBox . . . . . . . . . . .	Text   	 MessageBoxA
NULL . . . . . . . . . . . . . .	Number	 00000000h   
NUMLOCK_ON . . . . . . . . . . .	Number	 00000020h   
NovoRecorde  . . . . . . . . . .	Byte	 00000032 _DATA	
OPEN_ALWAYS  . . . . . . . . . .	Number	 00000004h   
OPEN_EXISTING  . . . . . . . . .	Number	 00000003h   
PeekConsoleInput . . . . . . . .	Text   	 PeekConsoleInputA
Pontos . . . . . . . . . . . . .	DWord	 00000041 _DATA	
PosObs1  . . . . . . . . . . . .	Byte	 00000016 _DATA	
PosObs2  . . . . . . . . . . . .	Byte	 0000001D _DATA	
PosX . . . . . . . . . . . . . .	Byte	 00000011 _DATA	
PosY . . . . . . . . . . . . . .	Byte	 00000010 _DATA	
RIGHT_ALT_PRESSED  . . . . . . .	Number	 00000001h   
RIGHT_CTRL_PRESSED . . . . . . .	Number	 00000004h   
ReadConsoleInput . . . . . . . .	Text   	 ReadConsoleInputA
ReadConsole  . . . . . . . . . .	Text   	 ReadConsoleA
Recorde  . . . . . . . . . . . .	DWord	 00000045 _DATA	
SCROLLLOCK_ON  . . . . . . . . .	Number	 00000040h   
SHIFT_MASK . . . . . . . . . . .	Number	 00000010h   
SHIFT_PRESSED  . . . . . . . . .	Number	 00000010h   
STD_ERROR_HANDLE . . . . . . . .	Number	 -0000000Ch   
STD_INPUT_HANDLE . . . . . . . .	Number	 -0000000Ah   
STD_OUTPUT_HANDLE  . . . . . . .	Number	 -0000000Bh   
Score  . . . . . . . . . . . . .	Byte	 00000026 _DATA	
SetConsoleTitle  . . . . . . . .	Text   	 SetConsoleTitleA
TAB  . . . . . . . . . . . . . .	Number	 00000009h   
TRUE . . . . . . . . . . . . . .	Number	 00000001h   
TRUNCATE_EXISTING  . . . . . . .	Number	 00000005h   
VK_11  . . . . . . . . . . . . .	Number	 000000BDh   
VK_12  . . . . . . . . . . . . .	Number	 000000BBh   
VK_ADD . . . . . . . . . . . . .	Number	 0000006Bh   
VK_BACK  . . . . . . . . . . . .	Number	 00000008h   
VK_CANCEL  . . . . . . . . . . .	Number	 00000003h   
VK_CAPITAL . . . . . . . . . . .	Number	 00000014h   
VK_CLEAR . . . . . . . . . . . .	Number	 0000000Ch   
VK_CONTROL . . . . . . . . . . .	Number	 00000011h   
VK_DECIMAL . . . . . . . . . . .	Number	 0000006Eh   
VK_DELETE  . . . . . . . . . . .	Number	 0000002Eh   
VK_DIVIDE  . . . . . . . . . . .	Number	 0000006Fh   
VK_DOWN  . . . . . . . . . . . .	Number	 00000028h   
VK_END . . . . . . . . . . . . .	Number	 00000023h   
VK_ESCAPE  . . . . . . . . . . .	Number	 0000001Bh   
VK_EXECUTE . . . . . . . . . . .	Number	 0000002Bh   
VK_F10 . . . . . . . . . . . . .	Number	 00000079h   
VK_F11 . . . . . . . . . . . . .	Number	 0000007Ah   
VK_F12 . . . . . . . . . . . . .	Number	 0000007Bh   
VK_F13 . . . . . . . . . . . . .	Number	 0000007Ch   
VK_F14 . . . . . . . . . . . . .	Number	 0000007Dh   
VK_F15 . . . . . . . . . . . . .	Number	 0000007Eh   
VK_F16 . . . . . . . . . . . . .	Number	 0000007Fh   
VK_F17 . . . . . . . . . . . . .	Number	 00000080h   
VK_F18 . . . . . . . . . . . . .	Number	 00000081h   
VK_F19 . . . . . . . . . . . . .	Number	 00000082h   
VK_F1  . . . . . . . . . . . . .	Number	 00000070h   
VK_F20 . . . . . . . . . . . . .	Number	 00000083h   
VK_F21 . . . . . . . . . . . . .	Number	 00000084h   
VK_F22 . . . . . . . . . . . . .	Number	 00000085h   
VK_F23 . . . . . . . . . . . . .	Number	 00000086h   
VK_F24 . . . . . . . . . . . . .	Number	 00000087h   
VK_F2  . . . . . . . . . . . . .	Number	 00000071h   
VK_F3  . . . . . . . . . . . . .	Number	 00000072h   
VK_F4  . . . . . . . . . . . . .	Number	 00000073h   
VK_F5  . . . . . . . . . . . . .	Number	 00000074h   
VK_F6  . . . . . . . . . . . . .	Number	 00000075h   
VK_F7  . . . . . . . . . . . . .	Number	 00000076h   
VK_F8  . . . . . . . . . . . . .	Number	 00000077h   
VK_F9  . . . . . . . . . . . . .	Number	 00000078h   
VK_HELP  . . . . . . . . . . . .	Number	 0000002Fh   
VK_HOME  . . . . . . . . . . . .	Number	 00000024h   
VK_INSERT  . . . . . . . . . . .	Number	 0000002Dh   
VK_LBUTTON . . . . . . . . . . .	Number	 00000001h   
VK_LCONTROL  . . . . . . . . . .	Number	 000000A2h   
VK_LEFT  . . . . . . . . . . . .	Number	 00000025h   
VK_LMENU . . . . . . . . . . . .	Number	 000000A4h   
VK_LSHIFT  . . . . . . . . . . .	Number	 000000A0h   
VK_MENU  . . . . . . . . . . . .	Number	 00000012h   
VK_MULTIPLY  . . . . . . . . . .	Number	 0000006Ah   
VK_NEXT  . . . . . . . . . . . .	Number	 00000022h   
VK_NUMLOCK . . . . . . . . . . .	Number	 00000090h   
VK_NUMPAD0 . . . . . . . . . . .	Number	 00000060h   
VK_NUMPAD1 . . . . . . . . . . .	Number	 00000061h   
VK_NUMPAD2 . . . . . . . . . . .	Number	 00000062h   
VK_NUMPAD3 . . . . . . . . . . .	Number	 00000063h   
VK_NUMPAD4 . . . . . . . . . . .	Number	 00000064h   
VK_NUMPAD5 . . . . . . . . . . .	Number	 00000065h   
VK_NUMPAD6 . . . . . . . . . . .	Number	 00000066h   
VK_NUMPAD7 . . . . . . . . . . .	Number	 00000067h   
VK_NUMPAD8 . . . . . . . . . . .	Number	 00000068h   
VK_NUMPAD9 . . . . . . . . . . .	Number	 00000069h   
VK_PAUSE . . . . . . . . . . . .	Number	 00000013h   
VK_PRINT . . . . . . . . . . . .	Number	 0000002Ah   
VK_PRIOR . . . . . . . . . . . .	Number	 00000021h   
VK_RBUTTON . . . . . . . . . . .	Number	 00000002h   
VK_RCONTROL  . . . . . . . . . .	Number	 000000A3h   
VK_RETURN  . . . . . . . . . . .	Number	 0000000Dh   
VK_RIGHT . . . . . . . . . . . .	Number	 00000027h   
VK_RMENU . . . . . . . . . . . .	Number	 000000A5h   
VK_RSHIFT  . . . . . . . . . . .	Number	 000000A1h   
VK_SCROLL  . . . . . . . . . . .	Number	 00000091h   
VK_SEPARATER . . . . . . . . . .	Number	 0000006Ch   
VK_SHIFT . . . . . . . . . . . .	Number	 00000010h   
VK_SNAPSHOT  . . . . . . . . . .	Number	 0000002Ch   
VK_SPACE . . . . . . . . . . . .	Number	 00000020h   
VK_SUBTRACT  . . . . . . . . . .	Number	 0000006Dh   
VK_TAB . . . . . . . . . . . . .	Number	 00000009h   
VK_UP  . . . . . . . . . . . . .	Number	 00000026h   
WINDOW_BUFFER_SIZE_EVENT . . . .	Number	 00000004h   
WriteConsoleOutputCharacter  . .	Text   	 WriteConsoleOutputCharacterA
WriteConsole . . . . . . . . . .	Text   	 WriteConsoleA
X_SCORE  . . . . . . . . . . . .	Number	 0000004Dh   
Y_GANSO_AGACHADO . . . . . . . .	Number	 00000016h   
Y_GANSO_EM_PE  . . . . . . . . .	Number	 00000014h   
Y_GANSO_PULANDO  . . . . . . . .	Number	 0000000Fh   
Y_OBSTACULO1 . . . . . . . . . .	Number	 0000001Ah   
Y_OBSTACULO2 . . . . . . . . . .	Number	 00000013h   
Y_SCORE  . . . . . . . . . . . .	Number	 00000005h   
alturaO  . . . . . . . . . . . .	Byte	 00000013 _DATA	
black  . . . . . . . . . . . . .	Number	 00000000h   
blue . . . . . . . . . . . . . .	Number	 00000001h   
brown  . . . . . . . . . . . . .	Number	 00000006h   
contadorAgacha . . . . . . . . .	DWord	 0000000C _DATA	
contadorObstaculo  . . . . . . .	DWord	 00000004 _DATA	
contadorPulo . . . . . . . . . .	DWord	 00000008 _DATA	
contadorTempo  . . . . . . . . .	DWord	 00000000 _DATA	
cyan . . . . . . . . . . . . . .	Number	 00000003h   
dificuldade  . . . . . . . . . .	Byte	 00000015 _DATA	
exit . . . . . . . . . . . . . .	Text   	 INVOKE ExitProcess,0
gameover . . . . . . . . . . . .	Byte	 000005AB _DATA	
ganso1 . . . . . . . . . . . . .	Byte	 0000026B _DATA	
ganso2 . . . . . . . . . . . . .	Byte	 00000270 _DATA	
ganso3 . . . . . . . . . . . . .	Byte	 00000277 _DATA	
ganso4 . . . . . . . . . . . . .	Byte	 0000027E _DATA	
ganso5 . . . . . . . . . . . . .	Byte	 0000028B _DATA	
ganso6 . . . . . . . . . . . . .	Byte	 00000298 _DATA	
ganso7 . . . . . . . . . . . . .	Byte	 000002A3 _DATA	
ganso8 . . . . . . . . . . . . .	Byte	 000002AB _DATA	
ganso9 . . . . . . . . . . . . .	Byte	 000002B3 _DATA	
ganso_agachado1  . . . . . . . .	Byte	 000002B9 _DATA	
ganso_agachado2  . . . . . . . .	Byte	 000002BE _DATA	
ganso_agachado3  . . . . . . . .	Byte	 000002C5 _DATA	
ganso_agachado4  . . . . . . . .	Byte	 000002D2 _DATA	
ganso_agachado5  . . . . . . . .	Byte	 000002E1 _DATA	
ganso_agachado6  . . . . . . . .	Byte	 000002EE _DATA	
ganso_agachado7  . . . . . . . .	Byte	 000002FB _DATA	
gray . . . . . . . . . . . . . .	Number	 00000008h   
green  . . . . . . . . . . . . .	Number	 00000002h   
larguraO . . . . . . . . . . . .	Byte	 00000012 _DATA	
lightBlue  . . . . . . . . . . .	Number	 00000009h   
lightCyan  . . . . . . . . . . .	Number	 0000000Bh   
lightGray  . . . . . . . . . . .	Number	 00000007h   
lightGreen . . . . . . . . . . .	Number	 0000000Ah   
lightMagenta . . . . . . . . . .	Number	 0000000Dh   
lightRed . . . . . . . . . . . .	Number	 0000000Ch   
logo . . . . . . . . . . . . . .	Byte	 00000049 _DATA	
magenta  . . . . . . . . . . . .	Number	 00000005h   
menuFinal  . . . . . . . . . . .	Byte	 0000079D _DATA	
menu . . . . . . . . . . . . . .	Byte	 000001E6 _DATA	
nuvem  . . . . . . . . . . . . .	Byte	 00000306 _DATA	
red  . . . . . . . . . . . . . .	Number	 00000004h   
sol  . . . . . . . . . . . . . .	Byte	 000004F7 _DATA	
statusGanso  . . . . . . . . . .	Byte	 00000014 _DATA	
white  . . . . . . . . . . . . .	Number	 0000000Fh   
wsprintf . . . . . . . . . . . .	Text   	 wsprintfA
yellow . . . . . . . . . . . . .	Number	 0000000Eh   

	   0 Warnings
	   0 Errors
